Product: MDK-ARM Standard 5.10
Component: ARM Compiler 5.04 update 1 (build 49)
Tool: armlink [5040049]

==============================================================================

Section Cross References

    main.o(i.Gizwits_Init) refers to timer.o(i.TIM3_Int_Init) for TIM3_Int_Init
    main.o(i.Gizwits_Init) refers to usart3.o(i.usart3_init) for usart3_init
    main.o(i.Gizwits_Init) refers to rt_memclr.o(.text) for __aeabi_memclr
    main.o(i.Gizwits_Init) refers to gizwits_protocol.o(i.gizwitsInit) for gizwitsInit
    main.o(i.Gizwits_Init) refers to main.o(.bss) for currentDataPoint
    main.o(i.main) refers to misc.o(i.NVIC_PriorityGroupConfig) for NVIC_PriorityGroupConfig
    main.o(i.main) refers to usart.o(i.uart_init) for uart_init
    main.o(i.main) refers to delay.o(i.delay_init) for delay_init
    main.o(i.main) refers to led.o(i.Init_LEDpin) for Init_LEDpin
    main.o(i.main) refers to usart.o(i.clrStruct) for clrStruct
    main.o(i.main) refers to main.o(i.Gizwits_Init) for Gizwits_Init
    main.o(i.main) refers to gps.o(i.parseGpsBuffer) for parseGpsBuffer
    main.o(i.main) refers to gps.o(i.printGpsBuffer) for printGpsBuffer
    main.o(i.main) refers to main.o(i.userHandle) for userHandle
    main.o(i.main) refers to gizwits_protocol.o(i.gizwitsHandle) for gizwitsHandle
    main.o(i.main) refers to delay.o(i.delay_ms) for delay_ms
    main.o(i.main) refers to main.o(.bss) for currentDataPoint
    main.o(i.userHandle) refers to _printf_percent.o(.ARM.Collect$$_printf_percent$$00000000) for _printf_percent
    main.o(i.userHandle) refers to _printf_d.o(.ARM.Collect$$_printf_percent$$00000009) for _printf_d
    main.o(i.userHandle) refers to _printf_dec.o(.text) for _printf_int_dec
    main.o(i.userHandle) refers to __2printf.o(.text) for __2printf
    main.o(i.userHandle) refers to stm32f10x_gpio.o(i.GPIO_SetBits) for GPIO_SetBits
    main.o(i.userHandle) refers to stm32f10x_gpio.o(i.GPIO_ResetBits) for GPIO_ResetBits
    main.o(i.userHandle) refers to stm32f10x_gpio.o(i.GPIO_ReadInputDataBit) for GPIO_ReadInputDataBit
    main.o(i.userHandle) refers to gps.o(.bss) for a
    main.o(i.userHandle) refers to main.o(.bss) for currentDataPoint
    system_stm32f10x.o(i.SetSysClock) refers to system_stm32f10x.o(i.SetSysClockTo72) for SetSysClockTo72
    system_stm32f10x.o(i.SystemCoreClockUpdate) refers to system_stm32f10x.o(.data) for SystemCoreClock
    system_stm32f10x.o(i.SystemInit) refers to system_stm32f10x.o(i.SetSysClock) for SetSysClock
    delay.o(i.delay_init) refers to misc.o(i.SysTick_CLKSourceConfig) for SysTick_CLKSourceConfig
    delay.o(i.delay_init) refers to system_stm32f10x.o(.data) for SystemCoreClock
    delay.o(i.delay_init) refers to delay.o(.data) for fac_us
    delay.o(i.delay_ms) refers to delay.o(.data) for fac_ms
    delay.o(i.delay_us) refers to delay.o(.data) for fac_us
    usart.o(i.CLR_Buf) refers (Special) to use_no_semi_2.o(.text) for __use_no_semihosting
    usart.o(i.CLR_Buf) refers to rt_memclr.o(.text) for __aeabi_memclr
    usart.o(i.CLR_Buf) refers to usart.o(.bss) for USART_RX_BUF
    usart.o(i.CLR_Buf) refers to usart.o(.data) for point1
    usart.o(i.Hand) refers (Special) to use_no_semi_2.o(.text) for __use_no_semihosting
    usart.o(i.Hand) refers to strstr.o(.text) for strstr
    usart.o(i.Hand) refers to usart.o(.bss) for USART_RX_BUF
    usart.o(i.USART1_IRQHandler) refers (Special) to use_no_semi_2.o(.text) for __use_no_semihosting
    usart.o(i.USART1_IRQHandler) refers to stm32f10x_usart.o(i.USART_GetITStatus) for USART_GetITStatus
    usart.o(i.USART1_IRQHandler) refers to stm32f10x_usart.o(i.USART_ReceiveData) for USART_ReceiveData
    usart.o(i.USART1_IRQHandler) refers to rt_memclr.o(.text) for __aeabi_memclr
    usart.o(i.USART1_IRQHandler) refers to rt_memcpy_v6.o(.text) for __aeabi_memcpy
    usart.o(i.USART1_IRQHandler) refers to usart.o(.data) for point1
    usart.o(i.USART1_IRQHandler) refers to usart.o(.bss) for USART_RX_BUF
    usart.o(i._sys_exit) refers (Special) to use_no_semi_2.o(.text) for __use_no_semihosting
    usart.o(i.clrStruct) refers (Special) to use_no_semi_2.o(.text) for __use_no_semihosting
    usart.o(i.clrStruct) refers to rt_memclr.o(.text) for __aeabi_memclr
    usart.o(i.clrStruct) refers to usart.o(.bss) for Save_Data
    usart.o(i.fputc) refers (Special) to use_no_semi_2.o(.text) for __use_no_semihosting
    usart.o(i.uart_init) refers (Special) to use_no_semi_2.o(.text) for __use_no_semihosting
    usart.o(i.uart_init) refers to stm32f10x_rcc.o(i.RCC_APB2PeriphClockCmd) for RCC_APB2PeriphClockCmd
    usart.o(i.uart_init) refers to stm32f10x_gpio.o(i.GPIO_Init) for GPIO_Init
    usart.o(i.uart_init) refers to misc.o(i.NVIC_Init) for NVIC_Init
    usart.o(i.uart_init) refers to stm32f10x_usart.o(i.USART_Init) for USART_Init
    usart.o(i.uart_init) refers to stm32f10x_usart.o(i.USART_ITConfig) for USART_ITConfig
    usart.o(i.uart_init) refers to stm32f10x_usart.o(i.USART_Cmd) for USART_Cmd
[...]
    .text                                    0x08000a58   Section        0  _printf_oct_int_ll.o(.text)
    _printf_longlong_oct_internal            0x08000a59   Thumb Code     0  _printf_oct_int_ll.o(.text)
    .text                                    0x08000ac8   Section        0  _printf_hex_int_ll_ptr.o(.text)
    _printf_hex_common                       0x08000ac9   Thumb Code     0  _printf_hex_int_ll_ptr.o(.text)
    .text                                    0x08000b5c   Section        8  libspace.o(.text)
    .text                                    0x08000b64   Section        8  rt_locale_intlibspace.o(.text)
    .text                                    0x08000b6c   Section      138  lludiv10.o(.text)
    .text                                    0x08000bf6   Section        0  _printf_fp_dec.o(.text)
    _fp_digits                               0x08000bf9   Thumb Code   428  _printf_fp_dec.o(.text)
    .text                                    0x0800100c   Section        0  _printf_char_common.o(.text)
    _printf_input_char                       0x0800100d   Thumb Code    10  _printf_char_common.o(.text)
    .text                                    0x0800103c   Section        0  _printf_char.o(.text)
    .text                                    0x08001068   Section        0  _printf_wchar.o(.text)
    .text                                    0x08001094   Section        0  ferror.o(.text)
    .text                                    0x0800109c   Section        0  _wcrtomb.o(.text)
    .text                                    0x080010dc   Section       74  sys_stackheap_outer.o(.text)
    .text                                    0x08001128   Section        0  _printf_fp_infnan.o(.text)
    .text                                    0x080011a8   Section        0  bigflt0.o(.text)
    .text                                    0x08001280   Section        0  exit.o(.text)
    .text                                    0x0800128c   Section      128  strcmpv7m.o(.text)
    CL$$btod_d2e                             0x0800130c   Section       62  btod.o(CL$$btod_d2e)
    CL$$btod_d2e_denorm_low                  0x0800134a   Section       70  btod.o(CL$$btod_d2e_denorm_low)
    CL$$btod_d2e_norm_op1                    0x08001390   Section       96  btod.o(CL$$btod_d2e_norm_op1)
    CL$$btod_div_common                      0x080013f0   Section      824  btod.o(CL$$btod_div_common)
    CL$$btod_e2e                             0x08001728   Section      198  btod.o(CL$$btod_e2e)
    CL$$btod_ediv                            0x080017ee   Section       40  btod.o(CL$$btod_ediv)
    CL$$btod_emul                            0x08001816   Section       40  btod.o(CL$$btod_emul)
    CL$$btod_mult_common                     0x0800183e   Section      580  btod.o(CL$$btod_mult_common)
    i.BusFault_Handler                       0x08001a82   Section        0  stm32f10x_it.o(i.BusFault_Handler)
    i.CLR_Buf                                0x08001a88   Section        0  usart.o(i.CLR_Buf)
    i.DebugMon_Handler                       0x08001aa4   Section        0  stm32f10x_it.o(i.DebugMon_Handler)
    i.GPIO_Init                              0x08001aa6   Section        0  stm32f10x_gpio.o(i.GPIO_Init)
    i.GPIO_ReadInputDataBit                  0x08001bbc   Section        0  stm32f10x_gpio.o(i.GPIO_ReadInputDataBit)
    i.GPIO_ResetBits                         0x08001bce   Section        0  stm32f10x_gpio.o(i.GPIO_ResetBits)
    i.GPIO_SetBits                           0x08001bd2   Section        0  stm32f10x_gpio.o(i.GPIO_SetBits)
    i.Gizwits_Init                           0x08001bd8   Section        0  main.o(i.Gizwits_Init)
    i.HardFault_Handler                      0x08001c00   Section        0  stm32f10x_it.o(i.HardFault_Handler)
    i.Init_LEDpin                            0x08001c04   Section        0  led.o(i.Init_LEDpin)
    i.MemManage_Handler                      0x08001c68   Section        0  stm32f10x_it.o(i.MemManage_Handler)
    i.NMI_Handler                            0x08001c6c   Section        0  stm32f10x_it.o(i.NMI_Handler)
    i.NVIC_Init                              0x08001c70   Section        0  misc.o(i.NVIC_Init)
    i.NVIC_PriorityGroupConfig               0x08001ce0   Section        0  misc.o(i.NVIC_PriorityGroupConfig)
    i.PendSV_Handler                         0x08001cf4   Section        0  stm32f10x_it.o(i.PendSV_Handler)
    i.RCC_APB1PeriphClockCmd                 0x08001cf8   Section        0  stm32f10x_rcc.o(i.RCC_APB1PeriphClockCmd)
    i.RCC_APB1PeriphResetCmd                 0x08001d18   Section        0  stm32f10x_rcc.o(i.RCC_APB1PeriphResetCmd)
    i.RCC_APB2PeriphClockCmd                 0x08001d38   Section        0  stm32f10x_rcc.o(i.RCC_APB2PeriphClockCmd)
    i.RCC_APB2PeriphResetCmd                 0x08001d58   Section        0  stm32f10x_rcc.o(i.RCC_APB2PeriphResetCmd)
    i.RCC_GetClocksFreq                      0x08001d78   Section        0  stm32f10x_rcc.o(i.RCC_GetClocksFreq)
    i.SVC_Handler                            0x08001e4c   Section        0  stm32f10x_it.o(i.SVC_Handler)
    i.SetSysClock                            0x08001e4e   Section        0  system_stm32f10x.o(i.SetSysClock)
    SetSysClock                              0x08001e4f   Thumb Code     8  system_stm32f10x.o(i.SetSysClock)
    i.SetSysClockTo72                        0x08001e58   Section        0  system_stm32f10x.o(i.SetSysClockTo72)
    SetSysClockTo72                          0x08001e59   Thumb Code   214  system_stm32f10x.o(i.SetSysClockTo72)
    i.SysTick_CLKSourceConfig                0x08001f38   Section        0  misc.o(i.SysTick_CLKSourceConfig)
    i.SysTick_Handler                        0x08001f60   Section        0  stm32f10x_it.o(i.SysTick_Handler)
    i.SystemInit                             0x08001f64   Section        0  system_stm32f10x.o(i.SystemInit)
    i.TIM3_IRQHandler                        0x08001fc4   Section        0  timer.o(i.TIM3_IRQHandler)
    i.TIM3_Int_Init                          0x08001fe4   Section        0  timer.o(i.TIM3_Int_Init)
    i.TIM_ClearITPendingBit                  0x08002044   Section        0  stm32f10x_tim.o(i.TIM_ClearITPendingBit)
    i.TIM_Cmd                                0x0800204a   Section        0  stm32f10x_tim.o(i.TIM_Cmd)
    i.TIM_GetITStatus                        0x08002062   Section        0  stm32f10x_tim.o(i.TIM_GetITStatus)
    i.TIM_ITConfig                           0x08002084   Section        0  stm32f10x_tim.o(i.TIM_ITConfig)
    i.TIM_TimeBaseInit                       0x08002098   Section        0  stm32f10x_tim.o(i.TIM_TimeBaseInit)
    i.USART1_IRQHandler                      0x0800213c   Section        0  usart.o(i.USART1_IRQHandler)
    i.USART3_IRQHandler                      0x080021d4   Section        0  usart3.o(i.USART3_IRQHandler)
    i.USART_Cmd                              0x080021fc   Section        0  stm32f10x_usart.o(i.USART_Cmd)
    i.USART_DeInit                           0x08002214   Section        0  stm32f10x_usart.o(i.USART_DeInit)
    i.USART_GetFlagStatus                    0x080022b0   Section        0  stm32f10x_usart.o(i.USART_GetFlagStatus)
    i.USART_GetITStatus                      0x080022ca   Section        0  stm32f10x_usart.o(i.USART_GetITStatus)
    i.USART_ITConfig                         0x0800231e   Section        0  stm32f10x_usart.o(i.USART_ITConfig)
    i.USART_Init                             0x08002368   Section        0  stm32f10x_usart.o(i.USART_Init)
    i.USART_ReceiveData                      0x08002440   Section        0  stm32f10x_usart.o(i.USART_ReceiveData)
    i.USART_SendData                         0x0800244a   Section        0  stm32f10x_usart.o(i.USART_SendData)
    i.UsageFault_Handler                     0x08002452   Section        0  stm32f10x_it.o(i.UsageFault_Handler)
    i.__ARM_fpclassify                       0x08002456   Section        0  fpclassify.o(i.__ARM_fpclassify)
    i._is_digit                              0x0800247e   Section        0  __printf_wp.o(i._is_digit)
    i._sys_exit                              0x0800248c   Section        0  usart.o(i._sys_exit)
    i.calculateDynamicBitPartLen             0x08002492   Section        0  gizwits_protocol.o(i.calculateDynamicBitPartLen)
    i.clrStruct                              0x080024d0   Section        0  usart.o(i.clrStruct)
    i.delay_init                             0x0800251c   Section        0  delay.o(i.delay_init)
    i.delay_ms                               0x08002560   Section        0  delay.o(i.delay_ms)
    i.errorLog                               0x080025ac   Section        0  gps.o(i.errorLog)
    i.exchangeBytes                          0x080025c8   Section        0  common.o(i.exchangeBytes)
    i.exchangeWord                           0x080025e2   Section        0  common.o(i.exchangeWord)
    i.fputc                                  0x080025fc   Section        0  usart.o(i.fputc)
    i.gizAcrossByteJudge                     0x08002618   Section        0  datapointtools.o(i.gizAcrossByteJudge)
    i.gizByteOrderExchange                   0x08002642   Section        0  datapointtools.o(i.gizByteOrderExchange)
    i.gizCheckReport                         0x08002674   Section        0  gizwits_protocol.o(i.gizCheckReport)
    gizCheckReport                           0x08002675   Thumb Code   232  gizwits_protocol.o(i.gizCheckReport)
    i.gizDataPoint2Event                     0x08002764   Section        0  gizwits_protocol.o(i.gizDataPoint2Event)
    gizDataPoint2Event                       0x08002765   Thumb Code   212  gizwits_protocol.o(i.gizDataPoint2Event)
    i.gizDataPoints2ReportData               0x08002838   Section        0  gizwits_protocol.o(i.gizDataPoints2ReportData)
    gizDataPoints2ReportData                 0x08002839   Thumb Code   292  gizwits_protocol.o(i.gizDataPoints2ReportData)
    i.gizDevReportPolicy                     0x08002960   Section        0  gizwits_protocol.o(i.gizDevReportPolicy)
    gizDevReportPolicy                       0x08002961   Thumb Code   152  gizwits_protocol.o(i.gizDevReportPolicy)
    i.gizGetTimerCount                       0x08002a08   Section        0  gizwits_product.o(i.gizGetTimerCount)
    i.gizProtocolAckHandle                   0x08002a14   Section        0  gizwits_protocol.o(i.gizProtocolAckHandle)
    gizProtocolAckHandle                     0x08002a15   Thumb Code    70  gizwits_protocol.o(i.gizProtocolAckHandle)
    i.gizProtocolCommonAck                   0x08002a60   Section        0  gizwits_protocol.o(i.gizProtocolCommonAck)
    gizProtocolCommonAck                     0x08002a61   Thumb Code    68  gizwits_protocol.o(i.gizProtocolCommonAck)
    i.gizProtocolErrorCmd                    0x08002aa4   Section        0  gizwits_protocol.o(i.gizProtocolErrorCmd)
    gizProtocolErrorCmd                      0x08002aa5   Thumb Code    72  gizwits_protocol.o(i.gizProtocolErrorCmd)
    i.gizProtocolGetDeviceInfo               0x08002aec   Section        0  gizwits_protocol.o(i.gizProtocolGetDeviceInfo)
    gizProtocolGetDeviceInfo                 0x08002aed   Thumb Code   164  gizwits_protocol.o(i.gizProtocolGetDeviceInfo)
    i.gizProtocolGetOnePacket                0x08002c08   Section        0  gizwits_protocol.o(i.gizProtocolGetOnePacket)
    gizProtocolGetOnePacket                  0x08002c09   Thumb Code   352  gizwits_protocol.o(i.gizProtocolGetOnePacket)
    i.gizProtocolHeadInit                    0x08002d78   Section        0  gizwits_protocol.o(i.gizProtocolHeadInit)
    gizProtocolHeadInit                      0x08002d79   Thumb Code    34  gizwits_protocol.o(i.gizProtocolHeadInit)
    i.gizProtocolIssuedDataAck               0x08002dc8   Section        0  gizwits_protocol.o(i.gizProtocolIssuedDataAck)
    gizProtocolIssuedDataAck                 0x08002dc9   Thumb Code   202  gizwits_protocol.o(i.gizProtocolIssuedDataAck)
    i.gizProtocolIssuedProcess               0x08002e94   Section        0  gizwits_protocol.o(i.gizProtocolIssuedProcess)
    gizProtocolIssuedProcess                 0x08002e95   Thumb Code   230  gizwits_protocol.o(i.gizProtocolIssuedProcess)
    i.gizProtocolModuleInfoHandle            0x08002f80   Section        0  gizwits_protocol.o(i.gizProtocolModuleInfoHandle)
    gizProtocolModuleInfoHandle              0x08002f81   Thumb Code    62  gizwits_protocol.o(i.gizProtocolModuleInfoHandle)
    i.gizProtocolModuleStatus                0x08002fc8   Section        0  gizwits_protocol.o(i.gizProtocolModuleStatus)
    gizProtocolModuleStatus                  0x08002fc9   Thumb Code   738  gizwits_protocol.o(i.gizProtocolModuleStatus)
    i.gizProtocolNTP                         0x080032b4   Section        0  gizwits_protocol.o(i.gizProtocolNTP)
    gizProtocolNTP                           0x080032b5   Thumb Code   100  gizwits_protocol.o(i.gizProtocolNTP)
    i.gizProtocolReboot                      0x08003320   Section        0  gizwits_protocol.o(i.gizProtocolReboot)
    gizProtocolReboot                        0x08003321   Thumb Code    28  gizwits_protocol.o(i.gizProtocolReboot)
    i.gizProtocolResendData                  0x0800333c   Section        0  gizwits_protocol.o(i.gizProtocolResendData)
    gizProtocolResendData                    0x0800333d   Thumb Code    42  gizwits_protocol.o(i.gizProtocolResendData)
    i.gizProtocolSum                         0x0800336c   Section        0  common.o(i.gizProtocolSum)
    i.gizProtocolWaitAck                     0x08003394   Section        0  gizwits_protocol.o(i.gizProtocolWaitAck)
    gizProtocolWaitAck                       0x08003395   Thumb Code    64  gizwits_protocol.o(i.gizProtocolWaitAck)
    i.gizProtocolWaitAckCheck                0x080033d8   Section        0  gizwits_protocol.o(i.gizProtocolWaitAckCheck)
    gizProtocolWaitAckCheck                  0x080033d9   Thumb Code    38  gizwits_protocol.o(i.gizProtocolWaitAckCheck)
    i.gizPutData                             0x08003404   Section        0  gizwits_protocol.o(i.gizPutData)
    i.gizReportData                          0x08003430   Section        0  gizwits_protocol.o(i.gizReportData)
    gizReportData                            0x08003431   Thumb Code   160  gizwits_protocol.o(i.gizReportData)
    i.gizTimerMs                             0x080034d4   Section        0  gizwits_product.o(i.gizTimerMs)
    i.gizVarlenCompressValue                 0x080034e4   Section        0  datapointtools.o(i.gizVarlenCompressValue)
    i.gizVarlenDecompressionValue            0x08003560   Section        0  datapointtools.o(i.gizVarlenDecompressionValue)
    i.gizwitsEventProcess                    0x08003624   Section        0  gizwits_product.o(i.gizwitsEventProcess)
    i.gizwitsHandle                          0x080036d4   Section        0  gizwits_protocol.o(i.gizwitsHandle)
    i.gizwitsInit                            0x080038fc   Section        0  gizwits_protocol.o(i.gizwitsInit)
    i.main                                   0x08003928   Section        0  main.o(i.main)
    i.mcuRestart                             0x08003968   Section        0  gizwits_product.o(i.mcuRestart)
    i.parseGpsBuffer                         0x08003974   Section        0  gps.o(i.parseGpsBuffer)
    i.printGpsBuffer                         0x08003a74   Section        0  gps.o(i.printGpsBuffer)
    i.rbCanRead                              0x08003c24   Section        0  ringbuffer.o(i.rbCanRead)
    i.rbCanWrite                             0x08003c5c   Section        0  ringbuffer.o(i.rbCanWrite)
    i.rbCapacity                             0x08003c7a   Section        0  ringbuffer.o(i.rbCapacity)
    i.rbCreate                               0x08003c88   Section        0  ringbuffer.o(i.rbCreate)
    i.rbRead                                 0x08003c9e   Section        0  ringbuffer.o(i.rbRead)
    i.rbWrite                                0x08003d40   Section        0  ringbuffer.o(i.rbWrite)
    i.uartWrite                              0x08003ddc   Section        0  gizwits_product.o(i.uartWrite)
    i.uart_init                              0x08003e2c   Section        0  usart.o(i.uart_init)
    i.usart3_init                            0x08003ed0   Section        0  usart3.o(i.usart3_init)
    i.userHandle                             0x08003f80   Section        0  main.o(i.userHandle)
    locale$$code                             0x080041ac   Section       44  lc_ctype_c.o(locale$$code)
    locale$$code                             0x080041d8   Section       44  lc_numeric_c.o(locale$$code)
    x$fpl$printf1                            0x08004204   Section        4  printf1.o(x$fpl$printf1)
    .constdata                               0x08004208   Section       17  __printf_flags_ss_wp.o(.constdata)
    x$fpl$usenofp                            0x08004208   Section        0  usenofp.o(x$fpl$usenofp)
    maptable                                 0x08004208   Data          17  __printf_flags_ss_wp.o(.constdata)
    .constdata                               0x0800421c   Section        8  _printf_wctomb.o(.constdata)
    initial_mbstate                          0x0800421c   Data           8  _printf_wctomb.o(.constdata)
    .constdata                               0x08004224   Section       40  _printf_hex_int_ll_ptr.o(.constdata)
    uc_hextab                                0x08004224   Data          20  _printf_hex_int_ll_ptr.o(.constdata)
    lc_hextab                                0x08004238   Data          20  _printf_hex_int_ll_ptr.o(.constdata)
    .constdata                               0x0800424c   Section      148  bigflt0.o(.constdata)
    tenpwrs_x                                0x0800424c   Data          60  bigflt0.o(.constdata)
    tenpwrs_i                                0x08004288   Data          64  bigflt0.o(.constdata)
    locale$$data                             0x08004300   Section      272  lc_ctype_c.o(locale$$data)
    __lcctype_c_name                         0x08004304   Data           2  lc_ctype_c.o(locale$$data)
    __lcctype_c_start                        0x0800430c   Data           0  lc_ctype_c.o(locale$$data)
    locale$$data                             0x08004410   Section       28  lc_numeric_c.o(locale$$data)
    __lcctype_c_end                          0x08004410   Data           0  lc_ctype_c.o(locale$$data)
    __lcnum_c_name                           0x08004414   Data           2  lc_numeric_c.o(locale$$data)
    __lcnum_c_start                          0x0800441c   Data           0  lc_numeric_c.o(locale$$data)
    __lcnum_c_point                          0x08004428   Data           0  lc_numeric_c.o(locale$$data)
    __lcnum_c_thousands                      0x0800442a   Data           0  lc_numeric_c.o(locale$$data)
    __lcnum_c_grouping                       0x0800442b   Data           0  lc_numeric_c.o(locale$$data)
    __lcnum_c_end                            0x0800442c   Data           0  lc_numeric_c.o(locale$$data)
    .data                                    0x20000000   Section       20  system_stm32f10x.o(.data)
    .data                                    0x20000014   Section        4  delay.o(.data)
    fac_us                                   0x20000014   Data           1  delay.o(.data)
    fac_ms                                   0x20000016   Data           2  delay.o(.data)
    .data                                    0x20000018   Section       10  usart.o(.data)
    .data                                    0x20000022   Section       20  stm32f10x_rcc.o(.data)
    APBAHBPrescTable                         0x20000022   Data          16  stm32f10x_rcc.o(.data)
    ADCPrescTable                            0x20000032   Data           4  stm32f10x_rcc.o(.data)
    .data                                    0x20000038   Section        5  gizwits_product.o(.data)
    timerMsCount                             0x20000038   Data           4  gizwits_product.o(.data)
    .data                                    0x20000040   Section       16  gizwits_protocol.o(.data)
    lastReportTime                           0x20000040   Data           4  gizwits_protocol.o(.data)
    lastRepTime                              0x20000044   Data           4  gizwits_protocol.o(.data)
    protocolFlag                             0x20000048   Data           1  gizwits_protocol.o(.data)
    protocolCount                            0x2000004a   Data           2  gizwits_protocol.o(.data)
    lastData                                 0x2000004c   Data           1  gizwits_protocol.o(.data)
    debugCount                               0x2000004d   Data           1  gizwits_protocol.o(.data)
    lastStatus                               0x2000004e   Data           2  gizwits_protocol.o(.data)
    .bss                                     0x20000050   Section       55  main.o(.bss)
    .bss                                     0x20000087   Section      321  usart.o(.bss)
    .bss                                     0x200001c8   Section      100  gps.o(.bss)
    .bss                                     0x2000022c   Section      726  gizwits_protocol.o(.bss)
    rbBuf                                    0x20000472   Data         144  gizwits_protocol.o(.bss)
    .bss                                     0x20000504   Section       96  libspace.o(.bss)
    HEAP                                     0x20000568   Section      512  startup_stm32f10x_hd.o(HEAP)
    Heap_Mem                                 0x20000568   Data         512  startup_stm32f10x_hd.o(HEAP)
    STACK                                    0x20000768   Section     1024  startup_stm32f10x_hd.o(STACK)
    Stack_Mem                                0x20000768   Data        1024  startup_stm32f10x_hd.o(STACK)
    __initial_sp                             0x20000b68   Data           0  startup_stm32f10x_hd.o(STACK)

    Global Symbols

    Symbol Name                              Value     Ov Type        Size  Object(Section)

    BuildAttributes$$THM_ISAv4$P$D$K$B$S$PE$A:L22UL41UL21$X:L11$S22US41US21$IEEE1$IW$USESV6$~STKCKD$USESV7$~SHL$OTIME$ROPI$IEEEJ$EBA8$UX$STANDARDLIB$REQ8$PRES8$EABIv2 0x00000000   Number         0  anon$$obj.o ABSOLUTE
    __ARM_use_no_argv                        0x00000000   Number         0  main.o ABSOLUTE
    _printf_flags                            0x00000000   Number         0  printf_stubs.o ABSOLUTE
    _printf_return_value                     0x00000000   Number         0  printf_stubs.o ABSOLUTE
    _printf_sizespec                         0x00000000   Number         0  printf_stubs.o ABSOLUTE
    _printf_widthprec                        0x00000000   Number         0  printf_stubs.o ABSOLUTE
    __ARM_exceptions_init                     - Undefined Weak Reference
    __alloca_initialize                       - Undefined Weak Reference
    __cpp_initialize__aeabi_                  - Undefined Weak Reference
    __cxa_finalize                            - Undefined Weak Reference
    __sigvec_lookup                           - Undefined Weak Reference
    __user_heap_extent                        - Undefined Weak Reference
    _atexit_init                              - Undefined Weak Reference
    _call_atexit_fns                          - Undefined Weak Reference
    _clock_init                               - Undefined Weak Reference
    _fp_trap_init                             - Undefined Weak Reference
    _fp_trap_shutdown                         - Undefined Weak Reference
    _get_lc_collate                           - Undefined Weak Reference
    _get_lc_monetary                          - Undefined Weak Reference
    _get_lc_time                              - Undefined Weak Reference
    _getenv_init                              - Undefined Weak Reference
    _handle_redirection                       - Undefined Weak Reference
    _initio                                   - Undefined Weak Reference
    _mutex_acquire                            - Undefined Weak Reference
    _mutex_free                               - Undefined Weak Reference
    _mutex_release                            - Undefined Weak Reference
    _printf_fp_hex                            - Undefined Weak Reference
    _printf_mbtowc                            - Undefined Weak Reference
    _printf_wc                                - Undefined Weak Reference
    _rand_init                                - Undefined Weak Reference
    _signal_finish                            - Undefined Weak Reference
    _signal_init                              - Undefined Weak Reference
    _terminateio                              - Undefined Weak Reference
    __Vectors_Size                           0x00000130   Number         0  startup_stm32f10x_hd.o ABSOLUTE
    __Vectors                                0x08000000   Data           4  startup_stm32f10x_hd.o(RESET)
    __Vectors_End                            0x08000130   Data           0  startup_stm32f10x_hd.o(RESET)
    __main                                   0x08000131   Thumb Code     8  __main.o(!!!main)
    __scatterload                            0x08000139   Thumb Code     0  __scatter.o(!!!scatter)
    __scatterload_rt2                        0x08000139   Thumb Code    44  __scatter.o(!!!scatter)
    __scatterload_rt2_thumb_only             0x08000139   Thumb Code     0  __scatter.o(!!!scatter)
    __scatterload_null                       0x08000147   Thumb Code     0  __scatter.o(!!!scatter)
    __scatterload_copy                       0x0800016d   Thumb Code    26  __scatter_copy.o(!!handler_copy)
    __scatterload_zeroinit                   0x08000189   Thumb Code    28  __scatter_zi.o(!!handler_zi)
    _printf_n                                0x080001a5   Thumb Code     0  _printf_n.o(.ARM.Collect$$_printf_percent$$00000001)
    _printf_percent                          0x080001a5   Thumb Code     0  _printf_percent.o(.ARM.Collect$$_printf_percent$$00000000)
    _printf_p                                0x080001ab   Thumb Code     0  _printf_p.o(.ARM.Collect$$_printf_percent$$00000002)
    _printf_f                                0x080001b1   Thumb Code     0  _printf_f.o(.ARM.Collect$$_printf_percent$$00000003)
    _printf_e                                0x080001b7   Thumb Code     0  _printf_e.o(.ARM.Collect$$_printf_percent$$00000004)
    _printf_g                                0x080001bd   Thumb Code     0  _printf_g.o(.ARM.Collect$$_printf_percent$$00000005)
    _printf_a                                0x080001c3   Thumb Code     0  _printf_a.o(.ARM.Collect$$_printf_percent$$00000006)
    _printf_ll                               0x080001c9   Thumb Code     0  _printf_ll.o(.ARM.Collect$$_printf_percent$$00000007)
    _printf_i                                0x080001d3   Thumb Code     0  _printf_i.o(.ARM.Collect$$_printf_percent$$00000008)
    _printf_d                                0x080001d9   Thumb Code     0  _printf_d.o(.ARM.Collect$$_printf_percent$$00000009)
    _printf_u                                0x080001df   Thumb Code     0  _printf_u.o(.ARM.Collect$$_printf_percent$$0000000A)
    _printf_o                                0x080001e5   Thumb Code     0  _printf_o.o(.ARM.Collect$$_printf_percent$$0000000B)
    _printf_x                                0x080001eb   Thumb Code     0  _printf_x.o(.ARM.Collect$$_printf_percent$$0000000C)
    _printf_lli                              0x080001f1   Thumb Code     0  _printf_lli.o(.ARM.Collect$$_printf_percent$$0000000D)
    _printf_lld                              0x080001f7   Thumb Code     0  _printf_lld.o(.ARM.Collect$$_printf_percent$$0000000E)
    _printf_llu                              0x080001fd   Thumb Code     0  _printf_llu.o(.ARM.Collect$$_printf_percent$$0000000F)
    _printf_llo                              0x08000203   Thumb Code     0  _printf_llo.o(.ARM.Collect$$_printf_percent$$00000010)
    _printf_llx                              0x08000209   Thumb Code     0  _printf_llx.o(.ARM.Collect$$_printf_percent$$00000011)
    _printf_l                                0x0800020f   Thumb Code     0  _printf_l.o(.ARM.Collect$$_printf_percent$$00000012)
    _printf_c                                0x08000219   Thumb Code     0  _printf_c.o(.ARM.Collect$$_printf_percent$$00000013)
    _printf_s                                0x0800021f   Thumb Code     0  _printf_s.o(.ARM.Collect$$_printf_percent$$00000014)
    _printf_lc                               0x08000225   Thumb Code     0  _printf_lc.o(.ARM.Collect$$_printf_percent$$00000015)
    _printf_ls                               0x0800022b   Thumb Code     0  _printf_ls.o(.ARM.Collect$$_printf_percent$$00000016)
    _printf_percent_end                      0x08000231   Thumb Code     0  _printf_percent_end.o(.ARM.Collect$$_printf_percent$$00000017)
    __rt_lib_init                            0x08000235   Thumb Code     0  libinit.o(.ARM.Collect$$libinit$$00000000)
    __rt_lib_init_fp_1                       0x08000237   Thumb Code     0  libinit2.o(.ARM.Collect$$libinit$$00000002)
    __rt_lib_init_heap_1                     0x08000237   Thumb Code     0  libinit2.o(.ARM.Collect$$libinit$$00000008)
    __rt_lib_init_lc_common                  0x08000237   Thumb Code     0  libinit2.o(.ARM.Collect$$libinit$$0000000D)
    __rt_lib_init_rand_1                     0x08000237   Thumb Code     0  libinit2.o(.ARM.Collect$$libinit$$0000000C)
    __rt_lib_init_user_alloc_1               0x08000237   Thumb Code     0  libinit2.o(.ARM.Collect$$libinit$$0000000A)
    __rt_lib_init_lc_collate_1               0x0800023d   Thumb Code     0  libinit2.o(.ARM.Collect$$libinit$$0000000F)
    __rt_lib_init_lc_ctype_2                 0x0800023d   Thumb Code     0  libinit2.o(.ARM.Collect$$libinit$$00000010)
    __rt_lib_init_lc_ctype_1                 0x08000249   Thumb Code     0  libinit2.o(.ARM.Collect$$libinit$$00000011)
    __rt_lib_init_lc_monetary_1              0x08000249   Thumb Code     0  libinit2.o(.ARM.Collect$$libinit$$00000013)
    __rt_lib_init_lc_numeric_2               0x08000249   Thumb Code     0  libinit2.o(.ARM.Collect$$libinit$$00000014)
    __rt_lib_init_alloca_1                   0x08000253   Thumb Code     0  libinit2.o(.ARM.Collect$$libinit$$0000002C)
    __rt_lib_init_argv_1                     0x08000253   Thumb Code     0  libinit2.o(.ARM.Collect$$libinit$$0000002A)
    __rt_lib_init_atexit_1                   0x08000253   Thumb Code     0  libinit2.o(.ARM.Collect$$libinit$$00000019)
    __rt_lib_init_clock_1                    0x08000253   Thumb Code     0  libinit2.o(.ARM.Collect$$libinit$$0000001F)
    __rt_lib_init_cpp_1                      0x08000253   Thumb Code     0  libinit2.o(.ARM.Collect$$libinit$$00000030)
    __rt_lib_init_exceptions_1               0x08000253   Thumb Code     0  libinit2.o(.ARM.Collect$$libinit$$0000002E)
    __rt_lib_init_fp_trap_1                  0x08000253   Thumb Code     0  libinit2.o(.ARM.Collect$$libinit$$0000001D)
    __rt_lib_init_getenv_1                   0x08000253   Thumb Code     0  libinit2.o(.ARM.Collect$$libinit$$00000021)
    __rt_lib_init_lc_numeric_1               0x08000253   Thumb Code     0  libinit2.o(.ARM.Collect$$libinit$$00000015)
    __rt_lib_init_lc_time_1                  0x08000253   Thumb Code     0  libinit2.o(.ARM.Collect$$libinit$$00000017)
    __rt_lib_init_return                     0x08000253   Thumb Code     0  libinit2.o(.ARM.Collect$$libinit$$00000031)
    __rt_lib_init_signal_1                   0x08000253   Thumb Code     0  libinit2.o(.ARM.Collect$$libinit$$0000001B)
    __rt_lib_init_stdio_1                    0x08000253   Thumb Code     0  libinit2.o(.ARM.Collect$$libinit$$00000023)
    __rt_lib_shutdown                        0x08000255   Thumb Code     0  libshutdown.o(.ARM.Collect$$libshutdown$$00000000)
    __rt_lib_shutdown_fp_trap_1              0x08000257   Thumb Code     0  libshutdown2.o(.ARM.Collect$$libshutdown$$00000006)
    __rt_lib_shutdown_heap_1                 0x08000257   Thumb Code     0  libshutdown2.o(.ARM.Collect$$libshutdown$$0000000E)
    __rt_lib_shutdown_return                 0x08000257   Thumb Code     0  libshutdown2.o(.ARM.Collect$$libshutdown$$0000000F)
    __rt_lib_shutdown_signal_1               0x08000257   Thumb Code     0  libshutdown2.o(.ARM.Collect$$libshutdown$$00000009)
    __rt_lib_shutdown_stdio_1                0x08000257   Thumb Code     0  libshutdown2.o(.ARM.Collect$$libshutdown$$00000003)
    __rt_lib_shutdown_user_alloc_1           0x08000257   Thumb Code     0  libshutdown2.o(.ARM.Collect$$libshutdown$$0000000B)
    __rt_entry                               0x08000259   Thumb Code     0  rtentry.o(.ARM.Collect$$rtentry$$00000000)
    __rt_entry_presh_1                       0x08000259   Thumb Code     0  rtentry2.o(.ARM.Collect$$rtentry$$00000002)
    __rt_entry_sh                            0x08000259   Thumb Code     0  rtentry4.o(.ARM.Collect$$rtentry$$00000004)
    __rt_entry_li                            0x0800025f   Thumb Code     0  rtentry2.o(.ARM.Collect$$rtentry$$0000000A)
    __rt_entry_postsh_1                      0x0800025f   Thumb Code     0  rtentry2.o(.ARM.Collect$$rtentry$$00000009)
    __rt_entry_main                          0x08000263   Thumb Code     0  rtentry2.o(.ARM.Collect$$rtentry$$0000000D)
    __rt_entry_postli_1                      0x08000263   Thumb Code     0  rtentry2.o(.ARM.Collect$$rtentry$$0000000C)
    __rt_exit                                0x0800026b   Thumb Code     0  rtexit.o(.ARM.Collect$$rtexit$$00000000)
    __rt_exit_ls                             0x0800026d   Thumb Code     0  rtexit2.o(.ARM.Collect$$rtexit$$00000003)
    __rt_exit_prels_1                        0x0800026d   Thumb Code     0  rtexit2.o(.ARM.Collect$$rtexit$$00000002)
    __rt_exit_exit                           0x08000271   Thumb Code     0  rtexit2.o(.ARM.Collect$$rtexit$$00000004)
    Reset_Handler                            0x08000279   Thumb Code     8  startup_stm32f10x_hd.o(.text)
    ADC1_2_IRQHandler                        0x08000293   Thumb Code     0  startup_stm32f10x_hd.o(.text)
    ADC3_IRQHandler                          0x08000293   Thumb Code     0  startup_stm32f10x_hd.o(.text)
    CAN1_RX1_IRQHandler                      0x08000293   Thumb Code     0  startup_stm32f10x_hd.o(.text)
    CAN1_SCE_IRQHandler                      0x08000293   Thumb Code     0  startup_stm32f10x_hd.o(.text)
    DMA1_Channel1_IRQHandler                 0x08000293   Thumb Code     0  startup_stm32f10x_hd.o(.text)
    DMA1_Channel2_IRQHandler                 0x08000293   Thumb Code     0  startup_stm32f10x_hd.o(.text)
    DMA1_Channel3_IRQHandler                 0x08000293   Thumb Code     0  startup_stm32f10x_hd.o(.text)
    DMA1_Channel4_IRQHandler                 0x08000293   Thumb Code     0  startup_stm32f10x_hd.o(.text)
    DMA1_Channel5_IRQHandler                 0x08000293   Thumb Code     0  startup_stm32f10x_hd.o(.text)
    DMA1_Channel6_IRQHandler                 0x08000293   Thumb Code     0  startup_stm32f10x_hd.o(.text)
    DMA1_Channel7_IRQHandler                 0x08000293   Thumb Code     0  startup_stm32f10x_hd.o(.text)
    DMA2_Channel1_IRQHandler                 0x08000293   Thumb Code     0  startup_stm32f10x_hd.o(.text)
    DMA2_Channel2_IRQHandler                 0x08000293   Thumb Code     0  startup_stm32f10x_hd.o(.text)
    DMA2_Channel3_IRQHandler                 0x08000293   Thumb Code     0  startup_stm32f10x_hd.o(.text)
    DMA2_Channel4_5_IRQHandler               0x08000293   Thumb Code     0  startup_stm32f10x_hd.o(.text)
    EXTI0_IRQHandler                         0x08000293   Thumb Code     0  startup_stm32f10x_hd.o(.text)
    EXTI15_10_IRQHandler                     0x08000293   Thumb Code     0  startup_stm32f10x_hd.o(.text)
    EXTI1_IRQHandler                         0x08000293   Thumb Code     0  startup_stm32f10x_hd.o(.text)
    EXTI2_IRQHandler                         0x08000293   Thumb Code     0  startup_stm32f10x_hd.o(.text)
    EXTI3_IRQHandler                         0x08000293   Thumb Code     0  startup_stm32f10x_hd.o(.text)
    EXTI4_IRQHandler                         0x08000293   Thumb Code     0  startup_stm32f10x_hd.o(.text)
    EXTI9_5_IRQHandler                       0x08000293   Thumb Code     0  startup_stm32f10x_hd.o(.text)
    FLASH_IRQHandler                         0x08000293   Thumb Code     0  startup_stm32f10x_hd.o(.text)
    FSMC_IRQHandler                          0x08000293   Thumb Code     0  startup_stm32f10x_hd.o(.text)
    I2C1_ER_IRQHandler                       0x08000293   Thumb Code     0  startup_stm32f10x_hd.o(.text)
    I2C1_EV_IRQHandler                       0x08000293   Thumb Code     0  startup_stm32f10x_hd.o(.text)
    I2C2_ER_IRQHandler                       0x08000293   Thumb Code     0  startup_stm32f10x_hd.o(.text)
    I2C2_EV_IRQHandler                       0x08000293   Thumb Code     0  startup_stm32f10x_hd.o(.text)
    PVD_IRQHandler                           0x08000293   Thumb Code     0  startup_stm32f10x_hd.o(.text)
    RCC_IRQHandler                           0x08000293   Thumb Code     0  startup_stm32f10x_hd.o(.text)
    RTCAlarm_IRQHandler                      0x08000293   Thumb Code     0  startup_stm32f10x_hd.o(.text)
    RTC_IRQHandler                           0x08000293   Thumb Code     0  startup_stm32f10x_hd.o(.text)
    SDIO_IRQHandler                          0x08000293   Thumb Code     0  startup_stm32f10x_hd.o(.text)
    SPI1_IRQHandler                          0x08000293   Thumb Code     0  startup_stm32f10x_hd.o(.text)
    SPI2_IRQHandler                          0x08000293   Thumb Code     0  startup_stm32f10x_hd.o(.text)
    SPI3_IRQHandler                          0x08000293   Thumb Code     0  startup_stm32f10x_hd.o(.text)
    TAMPER_IRQHandler                        0x08000293   Thumb Code     0  startup_stm32f10x_hd.o(.text)
    TIM1_BRK_IRQHandler                      0x08000293   Thumb Code     0  startup_stm32f10x_hd.o(.text)
    TIM1_CC_IRQHandler                       0x08000293   Thumb Code     0  startup_stm32f10x_hd.o(.text)
    TIM1_TRG_COM_IRQHandler                  0x08000293   Thumb Code     0  startup_stm32f10x_hd.o(.text)
    TIM1_UP_IRQHandler                       0x08000293   Thumb Code     0  startup_stm32f10x_hd.o(.text)
    TIM2_IRQHandler                          0x08000293   Thumb Code     0  startup_stm32f10x_hd.o(.text)
    TIM4_IRQHandler                          0x08000293   Thumb Code     0  startup_stm32f10x_hd.o(.text)
    TIM5_IRQHandler                          0x08000293   Thumb Code     0  startup_stm32f10x_hd.o(.text)
    TIM6_IRQHandler                          0x08000293   Thumb Code     0  startup_stm32f10x_hd.o(.text)
    TIM7_IRQHandler                          0x08000293   Thumb Code     0  startup_stm32f10x_hd.o(.text)
    TIM8_BRK_IRQHandler                      0x08000293   Thumb Code     0  startup_stm32f10x_hd.o(.text)
    TIM8_CC_IRQHandler                       0x08000293   Thumb Code     0  startup_stm32f10x_hd.o(.text)
    TIM8_TRG_COM_IRQHandler                  0x08000293   Thumb Code     0  startup_stm32f10x_hd.o(.text)
    TIM8_UP_IRQHandler                       0x08000293   Thumb Code     0  startup_stm32f10x_hd.o(.text)
    UART4_IRQHandler                         0x08000293   Thumb Code     0  startup_stm32f10x_hd.o(.text)
    UART5_IRQHandler                         0x08000293   Thumb Code     0  startup_stm32f10x_hd.o(.text)
    USART2_IRQHandler                        0x08000293   Thumb Code     0  startup_stm32f10x_hd.o(.text)
    USBWakeUp_IRQHandler                     0x08000293   Thumb Code     0  startup_stm32f10x_hd.o(.text)
    USB_HP_CAN1_TX_IRQHandler                0x08000293   Thumb Code     0  startup_stm32f10x_hd.o(.text)
    USB_LP_CAN1_RX0_IRQHandler               0x08000293   Thumb Code     0  startup_stm32f10x_hd.o(.text)
    WWDG_IRQHandler                          0x08000293   Thumb Code     0  startup_stm32f10x_hd.o(.text)
    __user_initial_stackheap                 0x08000295   Thumb Code     0  startup_stm32f10x_hd.o(.text)
    __use_no_semihosting                     0x080002b9   Thumb Code     2  use_no_semi_2.o(.text)
    free                                     0x080002bb   Thumb Code    78  h1_free.o(.text)
    __c89printf                              0x08000309   Thumb Code    20  c89printf.o(.text)
    __2printf                                0x08000321   Thumb Code    20  __2printf.o(.text)
    _printf_pre_padding                      0x08000339   Thumb Code    44  _printf_pad.o(.text)
    _printf_post_padding                     0x08000365   Thumb Code    34  _printf_pad.o(.text)
    _printf_int_dec                          0x08000389   Thumb Code   100  _printf_dec.o(.text)
    __printf                                 0x080003fd   Thumb Code   388  __printf_flags_ss_wp.o(.text)
    strstr                                   0x08000585   Thumb Code    36  strstr.o(.text)
    memcmp                                   0x080005a9   Thumb Code    88  memcmp.o(.text)
    __aeabi_memcpy                           0x08000601   Thumb Code     0  rt_memcpy_v6.o(.text)
    __rt_memcpy                              0x08000601   Thumb Code   138  rt_memcpy_v6.o(.text)
    _memcpy_lastbytes                        0x08000667   Thumb Code     0  rt_memcpy_v6.o(.text)
    __aeabi_memcpy4                          0x0800068b   Thumb Code     0  rt_memcpy_w.o(.text)
    __aeabi_memcpy8                          0x0800068b   Thumb Code     0  rt_memcpy_w.o(.text)
    __rt_memcpy_w                            0x0800068b   Thumb Code   100  rt_memcpy_w.o(.text)
    _memcpy_lastbytes_aligned                0x080006d3   Thumb Code     0  rt_memcpy_w.o(.text)
    __aeabi_memset                           0x080006ef   Thumb Code    16  aeabi_memset.o(.text)
    __aeabi_memclr                           0x080006ff   Thumb Code     0  rt_memclr.o(.text)
    __rt_memclr                              0x080006ff   Thumb Code    68  rt_memclr.o(.text)
    _memset                                  0x08000703   Thumb Code     0  rt_memclr.o(.text)
    __aeabi_memclr4                          0x08000743   Thumb Code     0  rt_memclr_w.o(.text)
    __aeabi_memclr8                          0x08000743   Thumb Code     0  rt_memclr_w.o(.text)
    __rt_memclr_w                            0x08000743   Thumb Code    78  rt_memclr_w.o(.text)
    _memset_w                                0x08000747   Thumb Code     0  rt_memclr_w.o(.text)
    __use_two_region_memory                  0x08000791   Thumb Code     2  heapauxi.o(.text)
    __rt_heap_escrow                         0x08000793   Thumb Code     2  heapauxi.o(.text)
    __rt_heap_expand                         0x08000795   Thumb Code     2  heapauxi.o(.text)
    __I$use$semihosting                      0x08000797   Thumb Code     0  use_no_semi.o(.text)
    __use_no_semihosting_swi                 0x08000797   Thumb Code     2  use_no_semi.o(.text)
    __rt_ctype_table                         0x08000799   Thumb Code    16  rt_ctype_table.o(.text)
    __rt_heap_descriptor                     0x080007a9   Thumb Code     8  rt_heap_descriptor_intlibspace.o(.text)
    _printf_truncate_signed                  0x080007b1   Thumb Code    18  _printf_truncate.o(.text)
    _printf_truncate_unsigned                0x080007c3   Thumb Code    18  _printf_truncate.o(.text)
    _printf_str                              0x080007d5   Thumb Code    82  _printf_str.o(.text)
    _printf_int_common                       0x08000827   Thumb Code   178  _printf_intcommon.o(.text)
    _printf_charcount                        0x080008d9   Thumb Code    40  _printf_charcount.o(.text)
    _printf_char_file                        0x08000901   Thumb Code    32  _printf_char_file.o(.text)
    _printf_wctomb                           0x08000925   Thumb Code   182  _printf_wctomb.o(.text)
    _printf_longlong_dec                     0x080009e1   Thumb Code   104  _printf_longlong_dec.o(.text)
    _printf_longlong_oct                     0x08000a59   Thumb Code    68  _printf_oct_int_ll.o(.text)
    _printf_int_oct                          0x08000a9d   Thumb Code    24  _printf_oct_int_ll.o(.text)
    _printf_ll_oct                           0x08000ab5   Thumb Code    12  _printf_oct_int_ll.o(.text)
    _printf_longlong_hex                     0x08000ac9   Thumb Code    86  _printf_hex_int_ll_ptr.o(.text)
    _printf_int_hex                          0x08000b1f   Thumb Code    28  _printf_hex_int_ll_ptr.o(.text)
    _printf_ll_hex                           0x08000b3b   Thumb Code    12  _printf_hex_int_ll_ptr.o(.text)
    _printf_hex_ptr                          0x08000b47   Thumb Code    18  _printf_hex_int_ll_ptr.o(.text)
    __user_libspace                          0x08000b5d   Thumb Code     8  libspace.o(.text)
    __user_perproc_libspace                  0x08000b5d   Thumb Code     0  libspace.o(.text)
    __user_perthread_libspace                0x08000b5d   Thumb Code     0  libspace.o(.text)
    __rt_locale                              0x08000b65   Thumb Code     8  rt_locale_intlibspace.o(.text)
    _ll_udiv10                               0x08000b6d   Thumb Code   138  lludiv10.o(.text)
    __lib_sel_fp_printf                      0x08000bf7   Thumb Code     2  _printf_fp_dec.o(.text)
    _printf_fp_dec_real                      0x08000da5   Thumb Code   616  _printf_fp_dec.o(.text)
    _printf_char_common                      0x08001017   Thumb Code    32  _printf_char_common.o(.text)
    _printf_cs_common                        0x0800103d   Thumb Code    20  _printf_char.o(.text)
    _printf_char                             0x08001051   Thumb Code    16  _printf_char.o(.text)
    _printf_string                           0x08001061   Thumb Code     8  _printf_char.o(.text)
    _printf_lcs_common                       0x08001069   Thumb Code    20  _printf_wchar.o(.text)
    _printf_wchar                            0x0800107d   Thumb Code    16  _printf_wchar.o(.text)
    _printf_wstring                          0x0800108d   Thumb Code     8  _printf_wchar.o(.text)
    ferror                                   0x08001095   Thumb Code     8  ferror.o(.text)
    _wcrtomb                                 0x0800109d   Thumb Code    64  _wcrtomb.o(.text)
    __user_setup_stackheap                   0x080010dd   Thumb Code    74  sys_stackheap_outer.o(.text)
    _printf_fp_infnan                        0x08001129   Thumb Code   112  _printf_fp_infnan.o(.text)
    _btod_etento                             0x080011a9   Thumb Code   212  bigflt0.o(.text)
    exit                                     0x08001281   Thumb Code    12  exit.o(.text)
    strcmp                                   0x0800128d   Thumb Code   128  strcmpv7m.o(.text)
    _btod_d2e                                0x0800130d   Thumb Code    62  btod.o(CL$$btod_d2e)
    _d2e_denorm_low                          0x0800134b   Thumb Code    70  btod.o(CL$$btod_d2e_denorm_low)
    _d2e_norm_op1                            0x08001391   Thumb Code    96  btod.o(CL$$btod_d2e_norm_op1)
    __btod_div_common                        0x080013f1   Thumb Code   696  btod.o(CL$$btod_div_common)
    _e2e                                     0x08001729   Thumb Code   198  btod.o(CL$$btod_e2e)
    _btod_ediv                               0x080017ef   Thumb Code    40  btod.o(CL$$btod_ediv)
    _btod_emul                               0x08001817   Thumb Code    40  btod.o(CL$$btod_emul)
    __btod_mult_common                       0x0800183f   Thumb Code   580  btod.o(CL$$btod_mult_common)
    BusFault_Handler                         0x08001a83   Thumb Code     4  stm32f10x_it.o(i.BusFault_Handler)
    CLR_Buf                                  0x08001a89   Thumb Code    18  usart.o(i.CLR_Buf)
    DebugMon_Handler                         0x08001aa5   Thumb Code     2  stm32f10x_it.o(i.DebugMon_Handler)
    GPIO_Init                                0x08001aa7   Thumb Code   278  stm32f10x_gpio.o(i.GPIO_Init)
    GPIO_ReadInputDataBit                    0x08001bbd   Thumb Code    18  stm32f10x_gpio.o(i.GPIO_ReadInputDataBit)
    GPIO_ResetBits                           0x08001bcf   Thumb Code     4  stm32f10x_gpio.o(i.GPIO_ResetBits)
    GPIO_SetBits                             0x08001bd3   Thumb Code     4  stm32f10x_gpio.o(i.GPIO_SetBits)
    Gizwits_Init                             0x08001bd9   Thumb Code    34  main.o(i.Gizwits_Init)
    HardFault_Handler                        0x08001c01   Thumb Code     4  stm32f10x_it.o(i.HardFault_Handler)
    Init_LEDpin                              0x08001c05   Thumb Code    94  led.o(i.Init_LEDpin)
    MemManage_Handler                        0x08001c69   Thumb Code     4  stm32f10x_it.o(i.MemManage_Handler)
    NMI_Handler                              0x08001c6d   Thumb Code     2  stm32f10x_it.o(i.NMI_Handler)
    NVIC_Init                                0x08001c71   Thumb Code   100  misc.o(i.NVIC_Init)
    NVIC_PriorityGroupConfig                 0x08001ce1   Thumb Code    10  misc.o(i.NVIC_PriorityGroupConfig)
    PendSV_Handler                           0x08001cf5   Thumb Code     2  stm32f10x_it.o(i.PendSV_Handler)
    RCC_APB1PeriphClockCmd                   0x08001cf9   Thumb Code    26  stm32f10x_rcc.o(i.RCC_APB1PeriphClockCmd)
    RCC_APB1PeriphResetCmd                   0x08001d19   Thumb Code    26  stm32f10x_rcc.o(i.RCC_APB1PeriphResetCmd)
    RCC_APB2PeriphClockCmd                   0x08001d39   Thumb Code    26  stm32f10x_rcc.o(i.RCC_APB2PeriphClockCmd)
    RCC_APB2PeriphResetCmd                   0x08001d59   Thumb Code    26  stm32f10x_rcc.o(i.RCC_APB2PeriphResetCmd)
    RCC_GetClocksFreq                        0x08001d79   Thumb Code   192  stm32f10x_rcc.o(i.RCC_GetClocksFreq)
    SVC_Handler                              0x08001e4d   Thumb Code     2  stm32f10x_it.o(i.SVC_Handler)
    SysTick_CLKSourceConfig                  0x08001f39   Thumb Code    40  misc.o(i.SysTick_CLKSourceConfig)
    SysTick_Handler                          0x08001f61   Thumb Code     2  stm32f10x_it.o(i.SysTick_Handler)
    SystemInit                               0x08001f65   Thumb Code    78  system_stm32f10x.o(i.SystemInit)
    TIM3_IRQHandler                          0x08001fc5   Thumb Code    26  timer.o(i.TIM3_IRQHandler)
    TIM3_Int_Init                            0x08001fe5   Thumb Code    90  timer.o(i.TIM3_Int_Init)
    TIM_ClearITPendingBit                    0x08002045   Thumb Code     6  stm32f10x_tim.o(i.TIM_ClearITPendingBit)
    TIM_Cmd                                  0x0800204b   Thumb Code    24  stm32f10x_tim.o(i.TIM_Cmd)
    TIM_GetITStatus                          0x08002063   Thumb Code    34  stm32f10x_tim.o(i.TIM_GetITStatus)
    TIM_ITConfig                             0x08002085   Thumb Code    18  stm32f10x_tim.o(i.TIM_ITConfig)
    TIM_TimeBaseInit                         0x08002099   Thumb Code   122  stm32f10x_tim.o(i.TIM_TimeBaseInit)
    USART1_IRQHandler                        0x0800213d   Thumb Code   134  usart.o(i.USART1_IRQHandler)
    USART3_IRQHandler                        0x080021d5   Thumb Code    34  usart3.o(i.USART3_IRQHandler)
    USART_Cmd                                0x080021fd   Thumb Code    24  stm32f10x_usart.o(i.USART_Cmd)
    USART_DeInit                             0x08002215   Thumb Code   134  stm32f10x_usart.o(i.USART_DeInit)
    USART_GetFlagStatus                      0x080022b1   Thumb Code    26  stm32f10x_usart.o(i.USART_GetFlagStatus)
    USART_GetITStatus                        0x080022cb   Thumb Code    84  stm32f10x_usart.o(i.USART_GetITStatus)
    USART_ITConfig                           0x0800231f   Thumb Code    74  stm32f10x_usart.o(i.USART_ITConfig)
    USART_Init                               0x08002369   Thumb Code   210  stm32f10x_usart.o(i.USART_Init)
    USART_ReceiveData                        0x08002441   Thumb Code    10  stm32f10x_usart.o(i.USART_ReceiveData)
    USART_SendData                           0x0800244b   Thumb Code     8  stm32f10x_usart.o(i.USART_SendData)
    UsageFault_Handler                       0x08002453   Thumb Code     4  stm32f10x_it.o(i.UsageFault_Handler)
    __ARM_fpclassify                         0x08002457   Thumb Code    40  fpclassify.o(i.__ARM_fpclassify)
    _is_digit                                0x0800247f   Thumb Code    14  __printf_wp.o(i._is_digit)
    _sys_exit                                0x0800248d   Thumb Code     6  usart.o(i._sys_exit)
    calculateDynamicBitPartLen               0x08002493   Thumb Code    60  gizwits_protocol.o(i.calculateDynamicBitPartLen)
    clrStruct                                0x080024d1   Thumb Code    72  usart.o(i.clrStruct)
    delay_init                               0x0800251d   Thumb Code    50  delay.o(i.delay_init)
    delay_ms                                 0x08002561   Thumb Code    72  delay.o(i.delay_ms)
    errorLog                                 0x080025ad   Thumb Code    14  gps.o(i.errorLog)
    exchangeBytes                            0x080025c9   Thumb Code    26  common.o(i.exchangeBytes)
    exchangeWord                             0x080025e3   Thumb Code    26  common.o(i.exchangeWord)
    fputc                                    0x080025fd   Thumb Code    24  usart.o(i.fputc)
    gizAcrossByteJudge                       0x08002619   Thumb Code    42  datapointtools.o(i.gizAcrossByteJudge)
    gizByteOrderExchange                     0x08002643   Thumb Code    50  datapointtools.o(i.gizByteOrderExchange)
    gizGetTimerCount                         0x08002a09   Thumb Code     6  gizwits_product.o(i.gizGetTimerCount)
    gizProtocolSum                           0x0800336d   Thumb Code    38  common.o(i.gizProtocolSum)
    gizPutData                               0x08003405   Thumb Code    40  gizwits_protocol.o(i.gizPutData)
    gizTimerMs                               0x080034d5   Thumb Code    12  gizwits_product.o(i.gizTimerMs)
    gizVarlenCompressValue                   0x080034e5   Thumb Code   124  datapointtools.o(i.gizVarlenCompressValue)
    gizVarlenDecompressionValue              0x08003561   Thumb Code   196  datapointtools.o(i.gizVarlenDecompressionValue)
    gizwitsEventProcess                      0x08003625   Thumb Code   142  gizwits_product.o(i.gizwitsEventProcess)
    gizwitsHandle                            0x080036d5   Thumb Code   520  gizwits_protocol.o(i.gizwitsHandle)
    gizwitsInit                              0x080038fd   Thumb Code    30  gizwits_protocol.o(i.gizwitsInit)
    main                                     0x08003929   Thumb Code    60  main.o(i.main)
    mcuRestart                               0x08003969   Thumb Code    10  gizwits_product.o(i.mcuRestart)
    parseGpsBuffer                           0x08003975   Thumb Code   228  gps.o(i.parseGpsBuffer)
    printGpsBuffer                           0x08003a75   Thumb Code   304  gps.o(i.printGpsBuffer)
    rbCanRead                                0x08003c25   Thumb Code    56  ringbuffer.o(i.rbCanRead)
    rbCanWrite                               0x08003c5d   Thumb Code    30  ringbuffer.o(i.rbCanWrite)
    rbCapacity                               0x08003c7b   Thumb Code    14  ringbuffer.o(i.rbCapacity)
    rbCreate                                 0x08003c89   Thumb Code    22  ringbuffer.o(i.rbCreate)
    rbRead                                   0x08003c9f   Thumb Code   162  ringbuffer.o(i.rbRead)
    rbWrite                                  0x08003d41   Thumb Code   154  ringbuffer.o(i.rbWrite)
    uartWrite                                0x08003ddd   Thumb Code    76  gizwits_product.o(i.uartWrite)
    uart_init                                0x08003e2d   Thumb Code   156  usart.o(i.uart_init)
    usart3_init                              0x08003ed1   Thumb Code   166  usart3.o(i.usart3_init)
    userHandle                               0x08003f81   Thumb Code   484  main.o(i.userHandle)
    _get_lc_ctype                            0x080041ad   Thumb Code    44  lc_ctype_c.o(locale$$code)
    _get_lc_numeric                          0x080041d9   Thumb Code    44  lc_numeric_c.o(locale$$code)
    _printf_fp_dec                           0x08004205   Thumb Code     4  printf1.o(x$fpl$printf1)
    __I$use$fp                               0x08004208   Number         0  usenofp.o(x$fpl$usenofp)
    Region$$Table$$Base                      0x080042e0   Number         0  anon$$obj.o(Region$$Table)
    Region$$Table$$Limit                     0x08004300   Number         0  anon$$obj.o(Region$$Table)
    __ctype                                  0x0800430d   Data           0  lc_ctype_c.o(locale$$data)
    SystemCoreClock                          0x20000000   Data           4  system_stm32f10x.o(.data)
    AHBPrescTable                            0x20000004   Data          16  system_stm32f10x.o(.data)
    rxdatabufer                              0x20000018   Data           1  usart.o(.data)
    point1                                   0x2000001a   Data           2  usart.o(.data)
    __stdout                                 0x2000001c   Data           4  usart.o(.data)
    USART_RX_STA                             0x20000020   Data           2  usart.o(.data)
    aRxBuffer                                0x2000003c   Data           1  gizwits_product.o(.data)
    currentDataPoint                         0x20000050   Data          55  main.o(.bss)
    Save_Data                                0x20000087   Data         121  usart.o(.bss)
    USART_RX_BUF                             0x20000100   Data         200  usart.o(.bss)
    a                                        0x200001c8   Data         100  gps.o(.bss)
    gizwitsProtocol                          0x2000022c   Data         566  gizwits_protocol.o(.bss)
    pRb                                      0x20000462   Data          16  gizwits_protocol.o(.bss)
    __libspace_start                         0x20000504   Data          96  libspace.o(.bss)
    __temporary_stack_top$libspace           0x20000564   Data           0  libspace.o(.bss)



==============================================================================

Memory Map of the image

  Image Entry point : 0x08000279

  Load Region LR_1 (Base: 0x08000000, Size: 0x0000447c, Max: 0xffffffff, ABSOLUTE)

    Execution Region ER_RO (Base: 0x08000000, Size: 0x0000442c, Max: 0xffffffff, ABSOLUTE)

    Base Addr    Size         Type   Attr      Idx    E Section Name        Object

    0x08000000   0x00000130   Data   RO          414    RESET               startup_stm32f10x_hd.o
    0x08000130   0x00000008   Code   RO         3994  * !!!main             c_w.l(__main.o)
    0x08000138   0x00000034   Code   RO         4353    !!!scatter          c_w.l(__scatter.o)
    0x0800016c   0x0000001a   Code   RO         4355    !!handler_copy      c_w.l(__scatter_copy.o)
    0x08000186   0x00000002   PAD
    0x08000188   0x0000001c   Code   RO         4357    !!handler_zi        c_w.l(__scatter_zi.o)
    0x080001a4   0x00000000   Code   RO         3975    .ARM.Collect$$_printf_percent$$00000000  c_w.l(_printf_percent.o)
    0x080001a4   0x00000006   Code   RO         4096    .ARM.Collect$$_printf_percent$$00000001  c_w.l(_printf_n.o)
    0x080001aa   0x00000006   Code   RO         4098    .ARM.Collect$$_printf_percent$$00000002  c_w.l(_printf_p.o)
    0x080001b0   0x00000006   Code   RO         4102    .ARM.Collect$$_printf_percent$$00000003  c_w.l(_printf_f.o)
    0x080001b6   0x00000006   Code   RO         4103    .ARM.Collect$$_printf_percent$$00000004  c_w.l(_printf_e.o)
    0x080001bc   0x00000006   Code   RO         4104    .ARM.Collect$$_printf_percent$$00000005  c_w.l(_printf_g.o)
    0x080001c2   0x00000006   Code   RO         4105    .ARM.Collect$$_printf_percent$$00000006  c_w.l(_printf_a.o)
    0x080001c8   0x0000000a   Code   RO         4110    .ARM.Collect$$_printf_percent$$00000007  c_w.l(_printf_ll.o)
    0x080001d2   0x00000006   Code   RO         4100    .ARM.Collect$$_printf_percent$$00000008  c_w.l(_printf_i.o)
    0x080001d8   0x00000006   Code   RO         3974    .ARM.Collect$$_printf_percent$$00000009  c_w.l(_printf_d.o)
    0x080001de   0x00000006   Code   RO         4101    .ARM.Collect$$_printf_percent$$0000000A  c_w.l(_printf_u.o)
    0x080001e4   0x00000006   Code   RO         4099    .ARM.Collect$$_printf_percent$$0000000B  c_w.l(_printf_o.o)
    0x080001ea   0x00000006   Code   RO         4097    .ARM.Collect$$_printf_percent$$0000000C  c_w.l(_printf_x.o)
    0x080001f0   0x00000006   Code   RO         4107    .ARM.Collect$$_printf_percent$$0000000D  c_w.l(_printf_lli.o)
    0x080001f6   0x00000006   Code   RO         4108    .ARM.Collect$$_printf_percent$$0000000E  c_w.l(_printf_lld.o)
    0x080001fc   0x00000006   Code   RO         4109    .ARM.Collect$$_printf_percent$$0000000F  c_w.l(_printf_llu.o)
    0x08000202   0x00000006   Code   RO         4114    .ARM.Collect$$_printf_percent$$00000010  c_w.l(_printf_llo.o)
    0x08000208   0x00000006   Code   RO         4115    .ARM.Collect$$_printf_percent$$00000011  c_w.l(_printf_llx.o)
    0x0800020e   0x0000000a   Code   RO         4111    .ARM.Collect$$_printf_percent$$00000012  c_w.l(_printf_l.o)
    0x08000218   0x00000006   Code   RO         4094    .ARM.Collect$$_printf_percent$$00000013  c_w.l(_printf_c.o)
    0x0800021e   0x00000006   Code   RO         4095    .ARM.Collect$$_printf_percent$$00000014  c_w.l(_printf_s.o)
    0x08000224   0x00000006   Code   RO         4112    .ARM.Collect$$_printf_percent$$00000015  c_w.l(_printf_lc.o)
    0x0800022a   0x00000006   Code   RO         4113    .ARM.Collect$$_printf_percent$$00000016  c_w.l(_printf_ls.o)
    0x08000230   0x00000004   Code   RO         4106    .ARM.Collect$$_printf_percent$$00000017  c_w.l(_printf_percent_end.o)
    0x08000234   0x00000002   Code   RO         4284    .ARM.Collect$$libinit$$00000000  c_w.l(libinit.o)
    0x08000236   0x00000000   Code   RO         4185    .ARM.Collect$$libinit$$00000002  c_w.l(libinit2.o)
    0x08000236   0x00000000   Code   RO         4188    .ARM.Collect$$libinit$$00000008  c_w.l(libinit2.o)
    0x08000236   0x00000000   Code   RO         4190    .ARM.Collect$$libinit$$0000000A  c_w.l(libinit2.o)
    0x08000236   0x00000000   Code   RO         4192    .ARM.Collect$$libinit$$0000000C  c_w.l(libinit2.o)
    0x08000236   0x00000006   Code   RO         4193    .ARM.Collect$$libinit$$0000000D  c_w.l(libinit2.o)
    0x0800023c   0x00000000   Code   RO         4195    .ARM.Collect$$libinit$$0000000F  c_w.l(libinit2.o)
    0x0800023c   0x0000000c   Code   RO         4196    .ARM.Collect$$libinit$$00000010  c_w.l(libinit2.o)
    0x08000248   0x00000000   Code   RO         4197    .ARM.Collect$$libinit$$00000011  c_w.l(libinit2.o)
    0x08000248   0x00000000   Code   RO         4199    .ARM.Collect$$libinit$$00000013  c_w.l(libinit2.o)
    0x08000248   0x0000000a   Code   RO         4200    .ARM.Collect$$libinit$$00000014  c_w.l(libinit2.o)
    0x08000252   0x00000000   Code   RO         4201    .ARM.Collect$$libinit$$00000015  c_w.l(libinit2.o)
    0x08000252   0x00000000   Code   RO         4203    .ARM.Collect$$libinit$$00000017  c_w.l(libinit2.o)
    0x08000252   0x00000000   Code   RO         4205    .ARM.Collect$$libinit$$00000019  c_w.l(libinit2.o)
    0x08000252   0x00000000   Code   RO         4207    .ARM.Collect$$libinit$$0000001B  c_w.l(libinit2.o)
    0x08000252   0x00000000   Code   RO         4209    .ARM.Collect$$libinit$$0000001D  c_w.l(libinit2.o)
    0x08000252   0x00000000   Code   RO         4211    .ARM.Collect$$libinit$$0000001F  c_w.l(libinit2.o)
    0x08000252   0x00000000   Code   RO         4213    .ARM.Collect$$libinit$$00000021  c_w.l(libinit2.o)
    0x08000252   0x00000000   Code   RO         4215    .ARM.Collect$$libinit$$00000023  c_w.l(libinit2.o)
    0x08000252   0x00000000   Code   RO         4219    .ARM.Collect$$libinit$$0000002A  c_w.l(libinit2.o)
    0x08000252   0x00000000   Code   RO         4221    .ARM.Collect$$libinit$$0000002C  c_w.l(libinit2.o)
    0x08000252   0x00000000   Code   RO         4223    .ARM.Collect$$libinit$$0000002E  c_w.l(libinit2.o)
    0x08000252   0x00000000   Code   RO         4225    .ARM.Collect$$libinit$$00000030  c_w.l(libinit2.o)
    0x08000252   0x00000002   Code   RO         4226    .ARM.Collect$$libinit$$00000031  c_w.l(libinit2.o)
    0x08000254   0x00000002   Code   RO         4350    .ARM.Collect$$libshutdown$$00000000  c_w.l(libshutdown.o)
    0x08000256   0x00000000   Code   RO         4308    .ARM.Collect$$libshutdown$$00000003  c_w.l(libshutdown2.o)
    0x08000256   0x00000000   Code   RO         4311    .ARM.Collect$$libshutdown$$00000006  c_w.l(libshutdown2.o)
    0x08000256   0x00000000   Code   RO         4314    .ARM.Collect$$libshutdown$$00000009  c_w.l(libshutdown2.o)
    0x08000256   0x00000000   Code   RO         4316    .ARM.Collect$$libshutdown$$0000000B  c_w.l(libshutdown2.o)
    0x08000256   0x00000000   Code   RO         4319    .ARM.Collect$$libshutdown$$0000000E  c_w.l(libshutdown2.o)
    0x08000256   0x00000002   Code   RO         4320    .ARM.Collect$$libshutdown$$0000000F  c_w.l(libshutdown2.o)
    0x08000258   0x00000000   Code   RO         4022    .ARM.Collect$$rtentry$$00000000  c_w.l(rtentry.o)
    0x08000258   0x00000000   Code   RO         4127    .ARM.Collect$$rtentry$$00000002  c_w.l(rtentry2.o)
    0x08000258   0x00000006   Code   RO         4139    .ARM.Collect$$rtentry$$00000004  c_w.l(rtentry4.o)
    0x0800025e   0x00000000   Code   RO         4129    .ARM.Collect$$rtentry$$00000009  c_w.l(rtentry2.o)
    0x0800025e   0x00000004   Code   RO         4130    .ARM.Collect$$rtentry$$0000000A  c_w.l(rtentry2.o)
    0x08000262   0x00000000   Code   RO         4132    .ARM.Collect$$rtentry$$0000000C  c_w.l(rtentry2.o)
    0x08000262   0x00000008   Code   RO         4133    .ARM.Collect$$rtentry$$0000000D  c_w.l(rtentry2.o)
    0x0800026a   0x00000002   Code   RO         4292    .ARM.Collect$$rtexit$$00000000  c_w.l(rtexit.o)
    0x0800026c   0x00000000   Code   RO         4324    .ARM.Collect$$rtexit$$00000002  c_w.l(rtexit2.o)
    0x0800026c   0x00000004   Code   RO         4325    .ARM.Collect$$rtexit$$00000003  c_w.l(rtexit2.o)
    0x08000270   0x00000006   Code   RO         4326    .ARM.Collect$$rtexit$$00000004  c_w.l(rtexit2.o)
    0x08000276   0x00000002   PAD
    0x08000278   0x00000040   Code   RO          415  * .text               startup_stm32f10x_hd.o
    0x080002b8   0x00000002   Code   RO         3882    .text               c_w.l(use_no_semi_2.o)
    0x080002ba   0x0000004e   Code   RO         3886    .text               c_w.l(h1_free.o)
    0x08000308   0x00000018   Code   RO         3942    .text               c_w.l(c89printf.o)
    0x08000320   0x00000018   Code   RO         3944    .text               c_w.l(__2printf.o)
    0x08000338   0x0000004e   Code   RO         3950    .text               c_w.l(_printf_pad.o)
    0x08000386   0x00000002   PAD
    0x08000388   0x00000074   Code   RO         3952    .text               c_w.l(_printf_dec.o)
    0x080003fc   0x00000188   Code   RO         3971    .text               c_w.l(__printf_flags_ss_wp.o)
    0x08000584   0x00000024   Code   RO         3976    .text               c_w.l(strstr.o)
    0x080005a8   0x00000058   Code   RO         3978    .text               c_w.l(memcmp.o)
    0x08000600   0x0000008a   Code   RO         3982    .text               c_w.l(rt_memcpy_v6.o)
    0x0800068a   0x00000064   Code   RO         3984    .text               c_w.l(rt_memcpy_w.o)
    0x080006ee   0x00000010   Code   RO         3986    .text               c_w.l(aeabi_memset.o)
    0x080006fe   0x00000044   Code   RO         3988    .text               c_w.l(rt_memclr.o)
    0x08000742   0x0000004e   Code   RO         3990    .text               c_w.l(rt_memclr_w.o)
    0x08000790   0x00000006   Code   RO         3992    .text               c_w.l(heapauxi.o)
    0x08000796   0x00000002   Code   RO         4018    .text               c_w.l(use_no_semi.o)
    0x08000798   0x00000010   Code   RO         4023    .text               c_w.l(rt_ctype_table.o)
    0x080007a8   0x00000008   Code   RO         4028    .text               c_w.l(rt_heap_descriptor_intlibspace.o)
    0x080007b0   0x00000024   Code   RO         4052    .text               c_w.l(_printf_truncate.o)
    0x080007d4   0x00000052   Code   RO         4054    .text               c_w.l(_printf_str.o)
    0x08000826   0x000000b2   Code   RO         4056    .text               c_w.l(_printf_intcommon.o)
    0x080008d8   0x00000028   Code   RO         4058    .text               c_w.l(_printf_charcount.o)
    0x08000900   0x00000024   Code   RO         4060    .text               c_w.l(_printf_char_file.o)
    0x08000924   0x000000bc   Code   RO         4062    .text               c_w.l(_printf_wctomb.o)
    0x080009e0   0x00000078   Code   RO         4065    .text               c_w.l(_printf_longlong_dec.o)
    0x08000a58   0x00000070   Code   RO         4071    .text               c_w.l(_printf_oct_int_ll.o)
    0x08000ac8   0x00000094   Code   RO         4091    .text               c_w.l(_printf_hex_int_ll_ptr.o)
    0x08000b5c   0x00000008   Code   RO         4123    .text               c_w.l(libspace.o)
    0x08000b64   0x00000008   Code   RO         4144    .text               c_w.l(rt_locale_intlibspace.o)
    0x08000b6c   0x0000008a   Code   RO         4156    .text               c_w.l(lludiv10.o)
    0x08000bf6   0x00000416   Code   RO         4158    .text               c_w.l(_printf_fp_dec.o)
    0x0800100c   0x00000030   Code   RO         4160    .text               c_w.l(_printf_char_common.o)
    0x0800103c   0x0000002c   Code   RO         4162    .text               c_w.l(_printf_char.o)
    0x08001068   0x0000002c   Code   RO         4164    .text               c_w.l(_printf_wchar.o)
    0x08001094   0x00000008   Code   RO         4166    .text               c_w.l(ferror.o)
    0x0800109c   0x00000040   Code   RO         4170    .text               c_w.l(_wcrtomb.o)
    0x080010dc   0x0000004a   Code   RO         4229    .text               c_w.l(sys_stackheap_outer.o)
    0x08001126   0x00000002   PAD
    0x08001128   0x00000080   Code   RO         4237    .text               c_w.l(_printf_fp_infnan.o)
    0x080011a8   0x000000d8   Code   RO         4241    .text               c_w.l(bigflt0.o)
    0x08001280   0x0000000c   Code   RO         4269    .text               c_w.l(exit.o)
    0x0800128c   0x00000080   Code   RO         4275    .text               c_w.l(strcmpv7m.o)
    0x0800130c   0x0000003e   Code   RO         4244    CL$$btod_d2e        c_w.l(btod.o)
    0x0800134a   0x00000046   Code   RO         4246    CL$$btod_d2e_denorm_low  c_w.l(btod.o)
    0x08001390   0x00000060   Code   RO         4245    CL$$btod_d2e_norm_op1  c_w.l(btod.o)
    0x080013f0   0x00000338   Code   RO         4254    CL$$btod_div_common  c_w.l(btod.o)
    0x08001728   0x000000c6   Code   RO         4251    CL$$btod_e2e        c_w.l(btod.o)
    0x080017ee   0x00000028   Code   RO         4248    CL$$btod_ediv       c_w.l(btod.o)
    0x08001816   0x00000028   Code   RO         4247    CL$$btod_emul       c_w.l(btod.o)
    0x0800183e   0x00000244   Code   RO         4253    CL$$btod_mult_common  c_w.l(btod.o)
    0x08001a82   0x00000004   Code   RO          165    i.BusFault_Handler  stm32f10x_it.o
    0x08001a86   0x00000002   PAD
    0x08001a88   0x0000001c   Code   RO          343    i.CLR_Buf           usart.o
    0x08001aa4   0x00000002   Code   RO          166    i.DebugMon_Handler  stm32f10x_it.o
    0x08001aa6   0x00000116   Code   RO         1570    i.GPIO_Init         stm32f10x_gpio.o
    0x08001bbc   0x00000012   Code   RO         1574    i.GPIO_ReadInputDataBit  stm32f10x_gpio.o
    0x08001bce   0x00000004   Code   RO         1577    i.GPIO_ResetBits    stm32f10x_gpio.o
    0x08001bd2   0x00000004   Code   RO         1578    i.GPIO_SetBits      stm32f10x_gpio.o
    0x08001bd6   0x00000002   PAD
    0x08001bd8   0x00000028   Code   RO            1    i.Gizwits_Init      main.o
    0x08001c00   0x00000004   Code   RO          167    i.HardFault_Handler  stm32f10x_it.o
    0x08001c04   0x00000064   Code   RO         3386    i.Init_LEDpin       led.o
    0x08001c68   0x00000004   Code   RO          168    i.MemManage_Handler  stm32f10x_it.o
    0x08001c6c   0x00000002   Code   RO          169    i.NMI_Handler       stm32f10x_it.o
    0x08001c6e   0x00000002   PAD
    0x08001c70   0x00000070   Code   RO          419    i.NVIC_Init         misc.o
    0x08001ce0   0x00000014   Code   RO          420    i.NVIC_PriorityGroupConfig  misc.o
    0x08001cf4   0x00000002   Code   RO          170    i.PendSV_Handler    stm32f10x_it.o
    0x08001cf6   0x00000002   PAD
    0x08001cf8   0x00000020   Code   RO         1986    i.RCC_APB1PeriphClockCmd  stm32f10x_rcc.o
    0x08001d18   0x00000020   Code   RO         1987    i.RCC_APB1PeriphResetCmd  stm32f10x_rcc.o
    0x08001d38   0x00000020   Code   RO         1988    i.RCC_APB2PeriphClockCmd  stm32f10x_rcc.o
    0x08001d58   0x00000020   Code   RO         1989    i.RCC_APB2PeriphResetCmd  stm32f10x_rcc.o
    0x08001d78   0x000000d4   Code   RO         1996    i.RCC_GetClocksFreq  stm32f10x_rcc.o
    0x08001e4c   0x00000002   Code   RO          171    i.SVC_Handler       stm32f10x_it.o
    0x08001e4e   0x00000008   Code   RO          228    i.SetSysClock       system_stm32f10x.o
    0x08001e56   0x00000002   PAD
    0x08001e58   0x000000e0   Code   RO          229    i.SetSysClockTo72   system_stm32f10x.o
    0x08001f38   0x00000028   Code   RO          423    i.SysTick_CLKSourceConfig  misc.o
    0x08001f60   0x00000002   Code   RO          172    i.SysTick_Handler   stm32f10x_it.o
    0x08001f62   0x00000002   PAD
    0x08001f64   0x00000060   Code   RO          231    i.SystemInit        system_stm32f10x.o
    0x08001fc4   0x00000020   Code   RO         3432    i.TIM3_IRQHandler   timer.o
    0x08001fe4   0x00000060   Code   RO         3433    i.TIM3_Int_Init     timer.o
    0x08002044   0x00000006   Code   RO         2615    i.TIM_ClearITPendingBit  stm32f10x_tim.o
    0x0800204a   0x00000018   Code   RO         2620    i.TIM_Cmd           stm32f10x_tim.o
    0x08002062   0x00000022   Code   RO         2641    i.TIM_GetITStatus   stm32f10x_tim.o
    0x08002084   0x00000012   Code   RO         2645    i.TIM_ITConfig      stm32f10x_tim.o
    0x08002096   0x00000002   PAD
    0x08002098   0x000000a4   Code   RO         2691    i.TIM_TimeBaseInit  stm32f10x_tim.o
    0x0800213c   0x00000098   Code   RO          345    i.USART1_IRQHandler  usart.o
    0x080021d4   0x00000028   Code   RO         3454    i.USART3_IRQHandler  usart3.o
    0x080021fc   0x00000018   Code   RO         3156    i.USART_Cmd         stm32f10x_usart.o
    0x08002214   0x0000009c   Code   RO         3158    i.USART_DeInit      stm32f10x_usart.o
    0x080022b0   0x0000001a   Code   RO         3159    i.USART_GetFlagStatus  stm32f10x_usart.o
    0x080022ca   0x00000054   Code   RO         3160    i.USART_GetITStatus  stm32f10x_usart.o
    0x0800231e   0x0000004a   Code   RO         3162    i.USART_ITConfig    stm32f10x_usart.o
    0x08002368   0x000000d8   Code   RO         3163    i.USART_Init        stm32f10x_usart.o
    0x08002440   0x0000000a   Code   RO         3170    i.USART_ReceiveData  stm32f10x_usart.o
    0x0800244a   0x00000008   Code   RO         3173    i.USART_SendData    stm32f10x_usart.o
    0x08002452   0x00000004   Code   RO          173    i.UsageFault_Handler  stm32f10x_it.o
    0x08002456   0x00000028   Code   RO         4289    i.__ARM_fpclassify  m_ws.l(fpclassify.o)
    0x0800247e   0x0000000e   Code   RO         3964    i._is_digit         c_w.l(__printf_wp.o)
    0x0800248c   0x00000006   Code   RO          346    i._sys_exit         usart.o
    0x08002492   0x0000003c   Code   RO         3716    i.calculateDynamicBitPartLen  gizwits_protocol.o
    0x080024ce   0x00000002   PAD
    0x080024d0   0x0000004c   Code   RO          347    i.clrStruct         usart.o
    0x0800251c   0x00000044   Code   RO          262    i.delay_init        delay.o
    0x08002560   0x0000004c   Code   RO          263    i.delay_ms          delay.o
    0x080025ac   0x0000001c   Code   RO         3401    i.errorLog          gps.o
    0x080025c8   0x0000001a   Code   RO         3474    i.exchangeBytes     common.o
    0x080025e2   0x0000001a   Code   RO         3475    i.exchangeWord      common.o
    0x080025fc   0x0000001c   Code   RO          348    i.fputc             usart.o
    0x08002618   0x0000002a   Code   RO         3597    i.gizAcrossByteJudge  datapointtools.o
    0x08002642   0x00000032   Code   RO         3598    i.gizByteOrderExchange  datapointtools.o
    0x08002674   0x000000f0   Code   RO         3717    i.gizCheckReport    gizwits_protocol.o
    0x08002764   0x000000d4   Code   RO         3718    i.gizDataPoint2Event  gizwits_protocol.o
    0x08002838   0x00000128   Code   RO         3719    i.gizDataPoints2ReportData  gizwits_protocol.o
    0x08002960   0x000000a8   Code   RO         3720    i.gizDevReportPolicy  gizwits_protocol.o
    0x08002a08   0x0000000c   Code   RO         3666    i.gizGetTimerCount  gizwits_product.o
    0x08002a14   0x0000004c   Code   RO         3721    i.gizProtocolAckHandle  gizwits_protocol.o
    0x08002a60   0x00000044   Code   RO         3722    i.gizProtocolCommonAck  gizwits_protocol.o
    0x08002aa4   0x00000048   Code   RO         3723    i.gizProtocolErrorCmd  gizwits_protocol.o
    0x08002aec   0x0000011c   Code   RO         3724    i.gizProtocolGetDeviceInfo  gizwits_protocol.o
    0x08002c08   0x00000170   Code   RO         3725    i.gizProtocolGetOnePacket  gizwits_protocol.o
    0x08002d78   0x00000050   Code   RO         3726    i.gizProtocolHeadInit  gizwits_protocol.o
    0x08002dc8   0x000000ca   Code   RO         3727    i.gizProtocolIssuedDataAck  gizwits_protocol.o
    0x08002e92   0x00000002   PAD
    0x08002e94   0x000000ec   Code   RO         3728    i.gizProtocolIssuedProcess  gizwits_protocol.o
    0x08002f80   0x00000048   Code   RO         3729    i.gizProtocolModuleInfoHandle  gizwits_protocol.o
    0x08002fc8   0x000002ec   Code   RO         3730    i.gizProtocolModuleStatus  gizwits_protocol.o
    0x080032b4   0x0000006c   Code   RO         3731    i.gizProtocolNTP    gizwits_protocol.o
    0x08003320   0x0000001c   Code   RO         3732    i.gizProtocolReboot  gizwits_protocol.o
    0x0800333c   0x00000030   Code   RO         3733    i.gizProtocolResendData  gizwits_protocol.o
    0x0800336c   0x00000026   Code   RO         3477    i.gizProtocolSum    common.o
    0x08003392   0x00000002   PAD
    0x08003394   0x00000044   Code   RO         3734    i.gizProtocolWaitAck  gizwits_protocol.o
    0x080033d8   0x0000002c   Code   RO         3735    i.gizProtocolWaitAckCheck  gizwits_protocol.o
    0x08003404   0x0000002c   Code   RO         3736    i.gizPutData        gizwits_protocol.o
    0x08003430   0x000000a4   Code   RO         3737    i.gizReportData     gizwits_protocol.o
    0x080034d4   0x00000010   Code   RO         3667    i.gizTimerMs        gizwits_product.o
    0x080034e4   0x0000007c   Code   RO         3601    i.gizVarlenCompressValue  datapointtools.o
    0x08003560   0x000000c4   Code   RO         3602    i.gizVarlenDecompressionValue  datapointtools.o
    0x08003624   0x000000b0   Code   RO         3668    i.gizwitsEventProcess  gizwits_product.o
    0x080036d4   0x00000228   Code   RO         3740    i.gizwitsHandle     gizwits_protocol.o
    0x080038fc   0x0000002c   Code   RO         3741    i.gizwitsInit       gizwits_protocol.o
    0x08003928   0x00000040   Code   RO            2    i.main              main.o
    0x08003968   0x0000000a   Code   RO         3669    i.mcuRestart        gizwits_product.o
    0x08003972   0x00000002   PAD
    0x08003974   0x00000100   Code   RO         3402    i.parseGpsBuffer    gps.o
    0x08003a74   0x000001b0   Code   RO         3403    i.printGpsBuffer    gps.o
    0x08003c24   0x00000038   Code   RO         3546    i.rbCanRead         ringbuffer.o
    0x08003c5c   0x0000001e   Code   RO         3547    i.rbCanWrite        ringbuffer.o
    0x08003c7a   0x0000000e   Code   RO         3548    i.rbCapacity        ringbuffer.o
    0x08003c88   0x00000016   Code   RO         3549    i.rbCreate          ringbuffer.o
    0x08003c9e   0x000000a2   Code   RO         3551    i.rbRead            ringbuffer.o
    0x08003d40   0x0000009a   Code   RO         3552    i.rbWrite           ringbuffer.o
    0x08003dda   0x00000002   PAD
    0x08003ddc   0x00000050   Code   RO         3670    i.uartWrite         gizwits_product.o
    0x08003e2c   0x000000a4   Code   RO          349    i.uart_init         usart.o
    0x08003ed0   0x000000b0   Code   RO         3455    i.usart3_init       usart3.o
    0x08003f80   0x0000022c   Code   RO            3    i.userHandle        main.o
    0x080041ac   0x0000002c   Code   RO         4173    locale$$code        c_w.l(lc_ctype_c.o)
    0x080041d8   0x0000002c   Code   RO         4267    locale$$code        c_w.l(lc_numeric_c.o)
    0x08004204   0x00000004   Code   RO         4120    x$fpl$printf1       fz_ws.l(printf1.o)
    0x08004208   0x00000000   Code   RO         4122    x$fpl$usenofp       fz_ws.l(usenofp.o)
    0x08004208   0x00000011   Data   RO         3972    .constdata          c_w.l(__printf_flags_ss_wp.o)
    0x08004219   0x00000003   PAD
    0x0800421c   0x00000008   Data   RO         4063    .constdata          c_w.l(_printf_wctomb.o)
    0x08004224   0x00000028   Data   RO         4092    .constdata          c_w.l(_printf_hex_int_ll_ptr.o)
    0x0800424c   0x00000094   Data   RO         4242    .constdata          c_w.l(bigflt0.o)
    0x080042e0   0x00000020   Data   RO         4351    Region$$Table       anon$$obj.o
    0x08004300   0x00000110   Data   RO         4172    locale$$data        c_w.l(lc_ctype_c.o)
    0x08004410   0x0000001c   Data   RO         4266    locale$$data        c_w.l(lc_numeric_c.o)


    Execution Region ER_RW (Base: 0x20000000, Size: 0x00000050, Max: 0xffffffff, ABSOLUTE)

    Base Addr    Size         Type   Attr      Idx    E Section Name        Object

    0x20000000   0x00000014   Data   RW          232    .data               system_stm32f10x.o
    0x20000014   0x00000004   Data   RW          265    .data               delay.o
    0x20000018   0x0000000a   Data   RW          351    .data               usart.o
    0x20000022   0x00000014   Data   RW         2016    .data               stm32f10x_rcc.o
    0x20000036   0x00000002   PAD
    0x20000038   0x00000005   Data   RW         3671    .data               gizwits_product.o
    0x2000003d   0x00000003   PAD
    0x20000040   0x00000010   Data   RW         3745    .data               gizwits_protocol.o


    Execution Region ER_ZI (Base: 0x20000050, Size: 0x00000b18, Max: 0xffffffff, ABSOLUTE)

    Base Addr    Size         Type   Attr      Idx    E Section Name        Object

    0x20000050   0x00000037   Zero   RW            4    .bss                main.o
    0x20000087   0x00000141   Zero   RW          350    .bss                usart.o
    0x200001c8   0x00000064   Zero   RW         3404    .bss                gps.o
    0x2000022c   0x000002d6   Zero   RW         3744    .bss                gizwits_protocol.o
    0x20000502   0x00000002   PAD
    0x20000504   0x00000060   Zero   RW         4124    .bss                c_w.l(libspace.o)
    0x20000564   0x00000004   PAD
    0x20000568   0x00000200   Zero   RW          413    HEAP                startup_stm32f10x_hd.o
    0x20000768   0x00000400   Zero   RW          412    STACK               startup_stm32f10x_hd.o


==============================================================================

Image component sizes


      Code (inc. data)   RO Data    RW Data    ZI Data      Debug   Object Name

        90          0          0          0          0       3200   common.o
       412          0          0          0          0       3459   datapointtools.o
       144         22          0          4          0     205800   delay.o
       294         68          0          5          0      25070   gizwits_product.o
      4282        340          0         16        726      17602   gizwits_protocol.o
       716        178          0          0        100       2253   gps.o
       100          6          0          0          0        482   led.o
       660         82          0          0         55      57070   main.o
       172         22          0          0          0       1921   misc.o
       438          0          0          0          0       4092   ringbuffer.o
        64         26        304          0       1536        772   startup_stm32f10x_hd.o
       304          0          0          0          0       3472   stm32f10x_gpio.o
        26          0          0          0          0       3406   stm32f10x_it.o
       340         44          0         20          0       5344   stm32f10x_rcc.o
       246         42          0          0          0       3342   stm32f10x_tim.o
       598         28          0          0          0       6412   stm32f10x_usart.o
         0          0          0          0          0         32   sys.o
       328         28          0         20          0       1917   system_stm32f10x.o
       128         12          0          0          0       1046   timer.o
       454         44          0         10        321       5671   usart.o
       216         16          0          0          0       1142   usart3.o

    ----------------------------------------------------------------------
     10036        958        336         80       2740     353505   Object Totals
         0          0         32          0          0          0   (incl. Generated)
        24          0          0          5          2          0   (incl. Padding)

    ----------------------------------------------------------------------

      Code (inc. data)   RO Data    RW Data    ZI Data      Debug   Library Member Name

        24          4          0          0          0         84   __2printf.o
         8          0          0          0          0         68   __main.o
       392          4         17          0          0         92   __printf_flags_ss_wp.o
        14          0          0          0          0         68   __printf_wp.o
        52          8          0          0          0          0   __scatter.o
        26          0          0          0          0          0   __scatter_copy.o
        28          0          0          0          0          0   __scatter_zi.o
         6          0          0          0          0          0   _printf_a.o
         6          0          0          0          0          0   _printf_c.o
        44          0          0          0          0        108   _printf_char.o
        48          6          0          0          0         96   _printf_char_common.o
        36          4          0          0          0         80   _printf_char_file.o
        40          0          0          0          0         68   _printf_charcount.o
         6          0          0          0          0          0   _printf_d.o
       116         16          0          0          0         92   _printf_dec.o
         6          0          0          0          0          0   _printf_e.o
         6          0          0          0          0          0   _printf_f.o
      1046          0          0          0          0        216   _printf_fp_dec.o
       128         16          0          0          0         84   _printf_fp_infnan.o
         6          0          0          0          0          0   _printf_g.o
       148          4         40          0          0        160   _printf_hex_int_ll_ptr.o
         6          0          0          0          0          0   _printf_i.o
       178          0          0          0          0         88   _printf_intcommon.o
        10          0          0          0          0          0   _printf_l.o
         6          0          0          0          0          0   _printf_lc.o
        10          0          0          0          0          0   _printf_ll.o
         6          0          0          0          0          0   _printf_lld.o
         6          0          0          0          0          0   _printf_lli.o
         6          0          0          0          0          0   _printf_llo.o
         6          0          0          0          0          0   _printf_llu.o
         6          0          0          0          0          0   _printf_llx.o
       120         16          0          0          0         92   _printf_longlong_dec.o
         6          0          0          0          0          0   _printf_ls.o
         6          0          0          0          0          0   _printf_n.o
         6          0          0          0          0          0   _printf_o.o
       112          8          0          0          0        124   _printf_oct_int_ll.o
         6          0          0          0          0          0   _printf_p.o
        78          0          0          0          0        108   _printf_pad.o
         0          0          0          0          0          0   _printf_percent.o
         4          0          0          0          0          0   _printf_percent_end.o
         6          0          0          0          0          0   _printf_s.o
        82          0          0          0          0         80   _printf_str.o
        36          0          0          0          0         84   _printf_truncate.o
         6          0          0          0          0          0   _printf_u.o
        44          0          0          0          0        108   _printf_wchar.o
       188          6          8          0          0         92   _printf_wctomb.o
         6          0          0          0          0          0   _printf_x.o
        64          0          0          0          0         92   _wcrtomb.o
        16          0          0          0          0         68   aeabi_memset.o
       216          4        148          0          0         96   bigflt0.o
      1910        128          0          0          0        672   btod.o
        24          4          0          0          0         84   c89printf.o
        12          0          0          0          0         72   exit.o
         8          0          0          0          0         68   ferror.o
        78          0          0          0          0         80   h1_free.o
         6          0          0          0          0        152   heapauxi.o
        44         10        272          0          0         76   lc_ctype_c.o
        44         10         28          0          0         76   lc_numeric_c.o
         2          0          0          0          0          0   libinit.o
        30          0          0          0          0          0   libinit2.o
         2          0          0          0          0          0   libshutdown.o
         2          0          0          0          0          0   libshutdown2.o
         8          4          0          0         96         68   libspace.o
       138          0          0          0          0         80   lludiv10.o
        88          0          0          0          0         76   memcmp.o
        16          4          0          0          0         76   rt_ctype_table.o
         8          4          0          0          0         68   rt_heap_descriptor_intlibspace.o
         8          4          0          0          0         68   rt_locale_intlibspace.o
        68          0          0          0          0         68   rt_memclr.o
        78          0          0          0          0         80   rt_memclr_w.o
       138          0          0          0          0         68   rt_memcpy_v6.o
       100          0          0          0          0         80   rt_memcpy_w.o
         0          0          0          0          0          0   rtentry.o
        12          0          0          0          0          0   rtentry2.o
         6          0          0          0          0          0   rtentry4.o
         2          0          0          0          0          0   rtexit.o
        10          0          0          0          0          0   rtexit2.o
       128          0          0          0          0         68   strcmpv7m.o
        36          0          0          0          0         80   strstr.o
        74          0          0          0          0         80   sys_stackheap_outer.o
         2          0          0          0          0         68   use_no_semi.o
         2          0          0          0          0         68   use_no_semi_2.o
         4          0          0          0          0         68   printf1.o
         0          0          0          0          0          0   usenofp.o
        40          0          0          0          0         68   fpclassify.o

    ----------------------------------------------------------------------
      6564        264        516          0        100       4760   Library Totals
         8          0          3          0          4          0   (incl. Padding)

    ----------------------------------------------------------------------

      Code (inc. data)   RO Data    RW Data    ZI Data      Debug   Library Name

      6512        264        513          0         96       4624   c_w.l
         4          0          0          0          0         68   fz_ws.l
        40          0          0          0          0         68   m_ws.l

    ----------------------------------------------------------------------
      6564        264        516          0        100       4760   Library Totals

    ----------------------------------------------------------------------

==============================================================================


      Code (inc. data)   RO Data    RW Data    ZI Data      Debug   

     16600       1222        852         80       2840     350721   Grand Totals
     16600       1222        852         80       2840     350721   ELF Image Totals
     16600       1222        852         80          0          0   ROM Totals

==============================================================================

    Total RO  Size (Code + RO Data)                17452 (  17.04kB)
    Total RW  Size (RW Data + ZI Data)              2920 (   2.85kB)
    Total ROM Size (Code + RO Data + RW Data)      17532 (  17.12kB)

==============================================================================

